Component: ARM Compiler 5.06 update 6 (build 750) Tool: armlink [4d35ed]

==============================================================================

Section Cross References

    main.o(i.GPIOPortA_Handler) refers to tasks.o(i.xTaskGetTickCountFromISR) for xTaskGetTickCountFromISR
    main.o(i.GPIOPortA_Handler) refers to gpio.o(i.GPIOIntStatus) for GPIOIntStatus
    main.o(i.GPIOPortA_Handler) refers to gpio.o(i.GPIOIntClear) for GPIOIntClear
    main.o(i.GPIOPortA_Handler) refers to main.o(i.vISRFunctionPassengerUp) for vISRFunctionPassengerUp
    main.o(i.GPIOPortA_Handler) refers to main.o(i.vISRFunctionPassengerDown) for vISRFunctionPassengerDown
    main.o(i.GPIOPortA_Handler) refers to main.o(i.vISRFunctionDriverUp) for vISRFunctionDriverUp
    main.o(i.GPIOPortA_Handler) refers to main.o(i.vISRFunctionDriverDown) for vISRFunctionDriverDown
    main.o(i.GPIOPortA_Handler) refers to main.o(.data) for lastTickVal
    main.o(i.GPIOPortF_Handler) refers to tasks.o(i.xTaskGetTickCountFromISR) for xTaskGetTickCountFromISR
    main.o(i.GPIOPortF_Handler) refers to gpio.o(i.GPIOIntStatus) for GPIOIntStatus
    main.o(i.GPIOPortF_Handler) refers to gpio.o(i.GPIOIntClear) for GPIOIntClear
    main.o(i.GPIOPortF_Handler) refers to main.o(i.vISRFunctionLowerLimit) for vISRFunctionLowerLimit
    main.o(i.GPIOPortF_Handler) refers to main.o(i.vISRFunctionUpperLimit) for vISRFunctionUpperLimit
    main.o(i.GPIOPortF_Handler) refers to main.o(.data) for lastTickValF
    main.o(i.main) refers to sysctl.o(i.SysCtlClockSet) for SysCtlClockSet
    main.o(i.main) refers to sysctl.o(i.SysCtlPeripheralEnable) for SysCtlPeripheralEnable
    main.o(i.main) refers to gpio.o(i.GPIOPinTypeGPIOInput) for GPIOPinTypeGPIOInput
    main.o(i.main) refers to gpio.o(i.GPIOPadConfigSet) for GPIOPadConfigSet
    main.o(i.main) refers to gpio.o(i.GPIOPinTypeGPIOOutput) for GPIOPinTypeGPIOOutput
    main.o(i.main) refers to queue.o(i.xQueueGenericCreate) for xQueueGenericCreate
    main.o(i.main) refers to tasks.o(i.xTaskCreate) for xTaskCreate
    main.o(i.main) refers to interrupt.o(i.IntEnable) for IntEnable
    main.o(i.main) refers to gpio.o(i.GPIOIntTypeSet) for GPIOIntTypeSet
    main.o(i.main) refers to gpio.o(i.GPIOIntRegister) for GPIOIntRegister
    main.o(i.main) refers to gpio.o(i.GPIOIntClear) for GPIOIntClear
    main.o(i.main) refers to gpio.o(i.GPIOIntEnable) for GPIOIntEnable
    main.o(i.main) refers to interrupt.o(i.IntPrioritySet) for IntPrioritySet
    main.o(i.main) refers to tasks.o(i.vTaskStartScheduler) for vTaskStartScheduler
    main.o(i.main) refers to main.o(.data) for xSemaphorePassengerUp
    main.o(i.main) refers to main.o(i.vTaskFunctionPassengerUp) for vTaskFunctionPassengerUp
    main.o(i.main) refers to main.o(i.vTaskFunctionPassengerDown) for vTaskFunctionPassengerDown
    main.o(i.main) refers to main.o(i.vTaskFunctionDriverUp) for vTaskFunctionDriverUp
    main.o(i.main) refers to main.o(i.vTaskFunctionDriverDown) for vTaskFunctionDriverDown
    main.o(i.main) refers to main.o(i.vTaskFunctionLowerLimit) for vTaskFunctionLowerLimit
    main.o(i.main) refers to main.o(i.vTaskFunctionUpperLimit) for vTaskFunctionUpperLimit
    main.o(i.main) refers to main.o(i.GPIOPortA_Handler) for GPIOPortA_Handler
    main.o(i.main) refers to main.o(i.GPIOPortF_Handler) for GPIOPortF_Handler
    main.o(i.vISRFunctionDriverDown) refers to queue.o(i.xQueueGiveFromISR) for xQueueGiveFromISR
    main.o(i.vISRFunctionDriverDown) refers to main.o(.data) for xSemaphoreDriverDown
    main.o(i.vISRFunctionDriverUp) refers to queue.o(i.xQueueGiveFromISR) for xQueueGiveFromISR
    main.o(i.vISRFunctionDriverUp) refers to main.o(.data) for xSemaphoreDriverUp
    main.o(i.vISRFunctionLowerLimit) refers to queue.o(i.xQueueGiveFromISR) for xQueueGiveFromISR
    main.o(i.vISRFunctionLowerLimit) refers to main.o(.data) for xSemaphoreLowerLimit
    main.o(i.vISRFunctionPassengerDown) refers to queue.o(i.xQueueGiveFromISR) for xQueueGiveFromISR
    main.o(i.vISRFunctionPassengerDown) refers to main.o(.data) for xSemaphorePassengerDown
    main.o(i.vISRFunctionPassengerUp) refers to queue.o(i.xQueueGiveFromISR) for xQueueGiveFromISR
    main.o(i.vISRFunctionPassengerUp) refers to main.o(.data) for xSemaphorePassengerUp
    main.o(i.vISRFunctionUpperLimit) refers to queue.o(i.xQueueGiveFromISR) for xQueueGiveFromISR
    main.o(i.vISRFunctionUpperLimit) refers to main.o(.data) for xSemaphoreUpperLimit
    main.o(i.vTaskFunctionDriverDown) refers to queue.o(i.xQueueSemaphoreTake) for xQueueSemaphoreTake
    main.o(i.vTaskFunctionDriverDown) refers to tasks.o(i.vTaskDelay) for vTaskDelay
    main.o(i.vTaskFunctionDriverDown) refers to gpio.o(i.GPIOPinRead) for GPIOPinRead
    main.o(i.vTaskFunctionDriverDown) refers to gpio.o(i.GPIOPinWrite) for GPIOPinWrite
    main.o(i.vTaskFunctionDriverDown) refers to gpio.o(i.GPIOIntClear) for GPIOIntClear
    main.o(i.vTaskFunctionDriverDown) refers to main.o(.data) for xSemaphoreDriverDown
[...]
    gpio.o(i.GPIOPinTypeComparatorOutput) refers to gpio.o(i.GPIOPadConfigSet) for GPIOPadConfigSet
    gpio.o(i.GPIOPinTypeDIVSCLK) refers to gpio.o(i.GPIODirModeSet) for GPIODirModeSet
    gpio.o(i.GPIOPinTypeDIVSCLK) refers to gpio.o(i.GPIOPadConfigSet) for GPIOPadConfigSet
    gpio.o(i.GPIOPinTypeEPI) refers to gpio.o(i.GPIODirModeSet) for GPIODirModeSet
    gpio.o(i.GPIOPinTypeEPI) refers to gpio.o(i.GPIOPadConfigSet) for GPIOPadConfigSet
    gpio.o(i.GPIOPinTypeEthernetLED) refers to gpio.o(i.GPIODirModeSet) for GPIODirModeSet
    gpio.o(i.GPIOPinTypeEthernetLED) refers to gpio.o(i.GPIOPadConfigSet) for GPIOPadConfigSet
    gpio.o(i.GPIOPinTypeEthernetMII) refers to gpio.o(i.GPIODirModeSet) for GPIODirModeSet
    gpio.o(i.GPIOPinTypeEthernetMII) refers to gpio.o(i.GPIOPadConfigSet) for GPIOPadConfigSet
    gpio.o(i.GPIOPinTypeGPIOInput) refers to gpio.o(i.GPIODirModeSet) for GPIODirModeSet
    gpio.o(i.GPIOPinTypeGPIOInput) refers to gpio.o(i.GPIOPadConfigSet) for GPIOPadConfigSet
    gpio.o(i.GPIOPinTypeGPIOOutput) refers to gpio.o(i.GPIOPadConfigSet) for GPIOPadConfigSet
    gpio.o(i.GPIOPinTypeGPIOOutput) refers to gpio.o(i.GPIODirModeSet) for GPIODirModeSet
    gpio.o(i.GPIOPinTypeGPIOOutputOD) refers to gpio.o(i.GPIOPadConfigSet) for GPIOPadConfigSet
    gpio.o(i.GPIOPinTypeGPIOOutputOD) refers to gpio.o(i.GPIODirModeSet) for GPIODirModeSet
    gpio.o(i.GPIOPinTypeHibernateRTCCLK) refers to gpio.o(i.GPIODirModeSet) for GPIODirModeSet
    gpio.o(i.GPIOPinTypeHibernateRTCCLK) refers to gpio.o(i.GPIOPadConfigSet) for GPIOPadConfigSet
    gpio.o(i.GPIOPinTypeI2C) refers to gpio.o(i.GPIODirModeSet) for GPIODirModeSet
    gpio.o(i.GPIOPinTypeI2C) refers to gpio.o(i.GPIOPadConfigSet) for GPIOPadConfigSet
    gpio.o(i.GPIOPinTypeI2CSCL) refers to gpio.o(i.GPIODirModeSet) for GPIODirModeSet
    gpio.o(i.GPIOPinTypeI2CSCL) refers to gpio.o(i.GPIOPadConfigSet) for GPIOPadConfigSet
    gpio.o(i.GPIOPinTypeLCD) refers to gpio.o(i.GPIODirModeSet) for GPIODirModeSet
    gpio.o(i.GPIOPinTypeLCD) refers to gpio.o(i.GPIOPadConfigSet) for GPIOPadConfigSet
    gpio.o(i.GPIOPinTypeOneWire) refers to gpio.o(i.GPIODirModeSet) for GPIODirModeSet
    gpio.o(i.GPIOPinTypeOneWire) refers to gpio.o(i.GPIOPadConfigSet) for GPIOPadConfigSet
    gpio.o(i.GPIOPinTypePWM) refers to gpio.o(i.GPIODirModeSet) for GPIODirModeSet
    gpio.o(i.GPIOPinTypePWM) refers to gpio.o(i.GPIOPadConfigSet) for GPIOPadConfigSet
    gpio.o(i.GPIOPinTypeQEI) refers to gpio.o(i.GPIODirModeSet) for GPIODirModeSet
    gpio.o(i.GPIOPinTypeQEI) refers to gpio.o(i.GPIOPadConfigSet) for GPIOPadConfigSet
    gpio.o(i.GPIOPinTypeSSI) refers to gpio.o(i.GPIODirModeSet) for GPIODirModeSet
    gpio.o(i.GPIOPinTypeSSI) refers to gpio.o(i.GPIOPadConfigSet) for GPIOPadConfigSet
    gpio.o(i.GPIOPinTypeTimer) refers to gpio.o(i.GPIODirModeSet) for GPIODirModeSet
    gpio.o(i.GPIOPinTypeTimer) refers to gpio.o(i.GPIOPadConfigSet) for GPIOPadConfigSet
    gpio.o(i.GPIOPinTypeTrace) refers to gpio.o(i.GPIODirModeSet) for GPIODirModeSet
    gpio.o(i.GPIOPinTypeTrace) refers to gpio.o(i.GPIOPadConfigSet) for GPIOPadConfigSet
    gpio.o(i.GPIOPinTypeUART) refers to gpio.o(i.GPIODirModeSet) for GPIODirModeSet
    gpio.o(i.GPIOPinTypeUART) refers to gpio.o(i.GPIOPadConfigSet) for GPIOPadConfigSet
    gpio.o(i.GPIOPinTypeUSBAnalog) refers to gpio.o(i.GPIODirModeSet) for GPIODirModeSet
    gpio.o(i.GPIOPinTypeUSBAnalog) refers to gpio.o(i.GPIOPadConfigSet) for GPIOPadConfigSet
    gpio.o(i.GPIOPinTypeUSBDigital) refers to gpio.o(i.GPIODirModeSet) for GPIODirModeSet
    gpio.o(i.GPIOPinTypeUSBDigital) refers to gpio.o(i.GPIOPadConfigSet) for GPIOPadConfigSet
    gpio.o(i.GPIOPinTypeWakeHigh) refers to gpio.o(i.GPIODirModeSet) for GPIODirModeSet
    gpio.o(i.GPIOPinTypeWakeHigh) refers to gpio.o(i.GPIOPadConfigSet) for GPIOPadConfigSet
    gpio.o(i.GPIOPinTypeWakeLow) refers to gpio.o(i.GPIODirModeSet) for GPIODirModeSet
    gpio.o(i.GPIOPinTypeWakeLow) refers to gpio.o(i.GPIOPadConfigSet) for GPIOPadConfigSet
    gpio.o(i._GPIOIntNumberGet) refers to gpio.o(.constdata) for .constdata
    interrupt.o(i.IntDisable) refers to interrupt.o(.constdata) for .constdata
    interrupt.o(i.IntEnable) refers to interrupt.o(.constdata) for .constdata
    interrupt.o(i.IntIsEnabled) refers to interrupt.o(.constdata) for .constdata
    interrupt.o(i.IntMasterDisable) refers to cpu.o(.emb_text) for CPUcpsid
    interrupt.o(i.IntMasterEnable) refers to cpu.o(.emb_text) for CPUcpsie
    interrupt.o(i.IntPendClear) refers to interrupt.o(.constdata) for .constdata
    interrupt.o(i.IntPendSet) refers to interrupt.o(.constdata) for .constdata
    interrupt.o(i.IntPriorityGet) refers to interrupt.o(.constdata) for .constdata
    interrupt.o(i.IntPriorityGroupingGet) refers to interrupt.o(.constdata) for .constdata
    interrupt.o(i.IntPriorityGroupingSet) refers to interrupt.o(.constdata) for .constdata
    interrupt.o(i.IntPriorityMaskGet) refers to cpu.o(.emb_text) for CPUbasepriGet
    interrupt.o(i.IntPriorityMaskSet) refers to cpu.o(.emb_text) for CPUbasepriSet
    interrupt.o(i.IntPrioritySet) refers to interrupt.o(.constdata) for .constdata
    interrupt.o(i.IntRegister) refers to interrupt.o(vtable) for vtable
    interrupt.o(i.IntUnregister) refers to interrupt.o(i._IntDefaultHandler) for _IntDefaultHandler
    interrupt.o(i.IntUnregister) refers to interrupt.o(vtable) for vtable
    sysctl.o(i.SysCtlClockFreqSet) refers to sysctl.o(.constdata) for .constdata
    sysctl.o(i.SysCtlClockGet) refers to sysctl.o(.constdata) for .constdata
    sysctl.o(i.SysCtlClockSet) refers to sysctl.o(.emb_text) for SysCtlDelay
    sysctl.o(i.SysCtlDeepSleep) refers to cpu.o(.emb_text) for CPUwfi
    sysctl.o(i.SysCtlIntRegister) refers to interrupt.o(i.IntRegister) for IntRegister
    sysctl.o(i.SysCtlIntRegister) refers to interrupt.o(i.IntEnable) for IntEnable
    sysctl.o(i.SysCtlIntUnregister) refers to interrupt.o(i.IntDisable) for IntDisable
    sysctl.o(i.SysCtlIntUnregister) refers to interrupt.o(i.IntUnregister) for IntUnregister
    sysctl.o(i.SysCtlSleep) refers to cpu.o(.emb_text) for CPUwfi
    sysctl.o(i.SysCtlVCOGet) refers to sysctl.o(.constdata) for .constdata
    entry.o(.ARM.Collect$$$$00000000) refers (Special) to entry10a.o(.ARM.Collect$$$$0000000D) for __rt_final_cpp
    entry.o(.ARM.Collect$$$$00000000) refers (Special) to entry11a.o(.ARM.Collect$$$$0000000F) for __rt_final_exit
    entry.o(.ARM.Collect$$$$00000000) refers (Special) to entry7b.o(.ARM.Collect$$$$00000008) for _main_clock
    entry.o(.ARM.Collect$$$$00000000) refers (Special) to entry8b.o(.ARM.Collect$$$$0000000A) for _main_cpp_init
    entry.o(.ARM.Collect$$$$00000000) refers (Special) to entry9a.o(.ARM.Collect$$$$0000000B) for _main_init
    entry.o(.ARM.Collect$$$$00000000) refers (Special) to entry5.o(.ARM.Collect$$$$00000004) for _main_scatterload
    entry.o(.ARM.Collect$$$$00000000) refers (Special) to entry2.o(.ARM.Collect$$$$00000001) for _main_stk
    entry2.o(.ARM.Collect$$$$00000001) refers to entry2.o(.ARM.Collect$$$$00002712) for __lit__00000000
    entry2.o(.ARM.Collect$$$$00002712) refers to startup_tm4c123.o(STACK) for __initial_sp
    entry2.o(__vectab_stack_and_reset_area) refers to startup_tm4c123.o(STACK) for __initial_sp
    entry2.o(__vectab_stack_and_reset_area) refers to entry.o(.ARM.Collect$$$$00000000) for __main
    entry5.o(.ARM.Collect$$$$00000004) refers to init.o(.text) for __scatterload
    entry9a.o(.ARM.Collect$$$$0000000B) refers to main.o(i.main) for main
    entry9b.o(.ARM.Collect$$$$0000000C) refers to main.o(i.main) for main
    init.o(.text) refers to entry5.o(.ARM.Collect$$$$00000004) for __main_after_scatterload


==============================================================================

Removing Unused input sections from the image.

    Removing startup_tm4c123.o(HEAP), (0 bytes).
    Removing system_tm4c123.o(.rev16_text), (4 bytes).
    Removing system_tm4c123.o(.revsh_text), (4 bytes).
    Removing system_tm4c123.o(.rrx_text), (6 bytes).
    Removing system_tm4c123.o(i.SystemCoreClockUpdate), (196 bytes).
    Removing system_tm4c123.o(i.getOscClk), (244 bytes).
    Removing event_groups.o(i.prvTestWaitCondition), (30 bytes).
    Removing event_groups.o(i.uxEventGroupGetNumber), (14 bytes).
    Removing event_groups.o(i.vEventGroupClearBitsCallback), (16 bytes).
    Removing event_groups.o(i.vEventGroupDelete), (106 bytes).
    Removing event_groups.o(i.vEventGroupSetBitsCallback), (16 bytes).
    Removing event_groups.o(i.vEventGroupSetNumber), (4 bytes).
    Removing event_groups.o(i.xEventGroupClearBits), (92 bytes).
    Removing event_groups.o(i.xEventGroupClearBitsFromISR), (28 bytes).
    Removing event_groups.o(i.xEventGroupCreate), (26 bytes).
    Removing event_groups.o(i.xEventGroupGetBitsFromISR), (44 bytes).
    Removing event_groups.o(i.xEventGroupSetBits), (206 bytes).
    Removing event_groups.o(i.xEventGroupSetBitsFromISR), (36 bytes).
    Removing event_groups.o(i.xEventGroupSync), (272 bytes).
    Removing event_groups.o(i.xEventGroupWaitBits), (344 bytes).
    Removing list.o(i.vListInsertEnd), (24 bytes).
    Removing heap_1.o(i.vPortInitialiseBlocks), (12 bytes).
    Removing heap_1.o(i.xPortGetFreeHeapSize), (16 bytes).
    Removing port.o(i.vPortEndScheduler), (48 bytes).
    Removing queue.o(i.prvInitialiseMutex), (30 bytes).
    Removing queue.o(i.prvIsQueueFull), (30 bytes).
    Removing queue.o(i.ucQueueGetQueueType), (8 bytes).
    Removing queue.o(i.uxQueueGetQueueNumber), (6 bytes).
    Removing queue.o(i.uxQueueMessagesWaiting), (42 bytes).
    Removing queue.o(i.uxQueueMessagesWaitingFromISR), (34 bytes).
    Removing queue.o(i.uxQueueSpacesAvailable), (48 bytes).
    Removing queue.o(i.vQueueDelete), (38 bytes).
    Removing queue.o(i.vQueueSetQueueNumber), (4 bytes).
    Removing queue.o(i.xQueueAddToSet), (38 bytes).
    Removing queue.o(i.xQueueCreateCountingSemaphore), (60 bytes).
    Removing queue.o(i.xQueueCreateMutex), (34 bytes).
    Removing queue.o(i.xQueueCreateSet), (20 bytes).
    Removing queue.o(i.xQueueGenericSend), (472 bytes).
    Removing queue.o(i.xQueueGenericSendFromISR), (324 bytes).
    Removing queue.o(i.xQueueGetMutexHolder), (52 bytes).
    Removing queue.o(i.xQueueGetMutexHolderFromISR), (38 bytes).
    Removing queue.o(i.xQueueGiveMutexRecursive), (72 bytes).
    Removing queue.o(i.xQueueIsQueueEmptyFromISR), (42 bytes).
    Removing queue.o(i.xQueueIsQueueFullFromISR), (46 bytes).
    Removing queue.o(i.xQueuePeek), (368 bytes).
    Removing queue.o(i.xQueuePeekFromISR), (176 bytes).
    Removing queue.o(i.xQueueReceiveFromISR), (252 bytes).
    Removing queue.o(i.xQueueRemoveFromSet), (48 bytes).
    Removing queue.o(i.xQueueSelectFromSet), (24 bytes).
    Removing queue.o(i.xQueueSelectFromSetFromISR), (22 bytes).
    Removing queue.o(i.xQueueTakeMutexRecursive), (78 bytes).
    Removing stream_buffer.o(i.prvBytesInBuffer), (24 bytes).
    Removing stream_buffer.o(i.prvInitialiseNewStreamBuffer), (90 bytes).
    Removing stream_buffer.o(i.prvReadBytesFromBuffer), (180 bytes).
    Removing stream_buffer.o(i.prvReadMessageFromBuffer), (90 bytes).
    Removing stream_buffer.o(i.prvWriteBytesToBuffer), (184 bytes).
    Removing stream_buffer.o(i.prvWriteMessageToBuffer), (124 bytes).
    Removing stream_buffer.o(i.ucStreamBufferGetStreamBufferType), (10 bytes).
    Removing stream_buffer.o(i.uxStreamBufferGetStreamBufferNumber), (6 bytes).
    Removing stream_buffer.o(i.vStreamBufferDelete), (56 bytes).
    Removing stream_buffer.o(i.vStreamBufferSetStreamBufferNumber), (4 bytes).
    Removing stream_buffer.o(i.xStreamBufferBytesAvailable), (42 bytes).
    Removing stream_buffer.o(i.xStreamBufferGenericCreate), (180 bytes).
    Removing stream_buffer.o(i.xStreamBufferIsEmpty), (46 bytes).
    Removing stream_buffer.o(i.xStreamBufferIsFull), (64 bytes).
    Removing stream_buffer.o(i.xStreamBufferNextMessageLengthBytes), (108 bytes).
    Removing stream_buffer.o(i.xStreamBufferReceive), (262 bytes).
    Removing stream_buffer.o(i.xStreamBufferReceiveCompletedFromISR), (104 bytes).
    Removing stream_buffer.o(i.xStreamBufferReceiveFromISR), (184 bytes).
    Removing stream_buffer.o(i.xStreamBufferReset), (84 bytes).
    Removing stream_buffer.o(i.xStreamBufferSend), (346 bytes).
    Removing stream_buffer.o(i.xStreamBufferSendCompletedFromISR), (104 bytes).
    Removing stream_buffer.o(i.xStreamBufferSendFromISR), (186 bytes).
    Removing stream_buffer.o(i.xStreamBufferSetTriggerLevel), (50 bytes).
    Removing stream_buffer.o(i.xStreamBufferSpacesAvailable), (64 bytes).
    Removing tasks.o(i.eTaskGetState), (164 bytes).
    Removing tasks.o(i.pcTaskGetName), (48 bytes).
    Removing tasks.o(i.prvListTasksWithinSingleList), (106 bytes).
    Removing tasks.o(i.prvSearchForNameWithinSingleList), (176 bytes).
    Removing tasks.o(i.prvTaskCheckFreeStackSpace), (22 bytes).
    Removing tasks.o(i.prvTaskIsTaskSuspended), (88 bytes).
    Removing tasks.o(i.ulTaskGenericNotifyTake), (168 bytes).
    Removing tasks.o(i.ulTaskGenericNotifyValueClear), (64 bytes).
    Removing tasks.o(i.uxTaskGetStackHighWaterMark), (40 bytes).
    Removing tasks.o(i.uxTaskGetStackHighWaterMark2), (40 bytes).
    Removing tasks.o(i.uxTaskGetSystemState), (176 bytes).
    Removing tasks.o(i.uxTaskGetTaskNumber), (14 bytes).
    Removing tasks.o(i.uxTaskPriorityGet), (36 bytes).
    Removing tasks.o(i.uxTaskPriorityGetFromISR), (68 bytes).
    Removing tasks.o(i.uxTaskResetEventItemValue), (28 bytes).
    Removing tasks.o(i.vTaskDelete), (252 bytes).
    Removing tasks.o(i.vTaskEndScheduler), (36 bytes).
    Removing tasks.o(i.vTaskGenericNotifyGiveFromISR), (396 bytes).
    Removing tasks.o(i.vTaskGetInfo), (132 bytes).
    Removing tasks.o(i.vTaskPlaceOnUnorderedEventList), (144 bytes).
    Removing tasks.o(i.vTaskPrioritySet), (328 bytes).
    Removing tasks.o(i.vTaskRemoveFromUnorderedEventList), (276 bytes).
    Removing tasks.o(i.vTaskResume), (196 bytes).
    Removing tasks.o(i.vTaskSetTaskNumber), (8 bytes).
    Removing tasks.o(i.vTaskSetTimeOutState), (60 bytes).
    Removing tasks.o(i.vTaskSuspend), (256 bytes).
    Removing tasks.o(i.xTaskAbortDelay), (212 bytes).
    Removing tasks.o(i.xTaskCatchUpTicks), (80 bytes).
    Removing tasks.o(i.xTaskDelayUntil), (216 bytes).
    Removing tasks.o(i.xTaskGenericNotify), (468 bytes).
    Removing tasks.o(i.xTaskGenericNotifyFromISR), (548 bytes).
    Removing tasks.o(i.xTaskGenericNotifyStateClear), (96 bytes).
    Removing tasks.o(i.xTaskGenericNotifyWait), (204 bytes).
    Removing tasks.o(i.xTaskGetCurrentTaskHandle), (12 bytes).
    Removing tasks.o(i.xTaskGetHandle), (164 bytes).
    Removing tasks.o(i.xTaskGetIdleTaskHandle), (48 bytes).
    Removing tasks.o(i.xTaskResumeFromISR), (244 bytes).
    Removing timers.o(i.pcTimerGetName), (32 bytes).
    Removing timers.o(i.prvInitialiseNewTimer), (88 bytes).
    Removing timers.o(i.pvTimerGetTimerID), (44 bytes).
    Removing timers.o(i.uxTimerGetReloadMode), (12 bytes).
    Removing timers.o(i.uxTimerGetTimerNumber), (6 bytes).
    Removing timers.o(i.vTimerSetReloadMode), (70 bytes).
    Removing timers.o(i.vTimerSetTimerID), (44 bytes).
    Removing timers.o(i.vTimerSetTimerNumber), (4 bytes).
    Removing timers.o(i.xTimerCreate), (54 bytes).
    Removing timers.o(i.xTimerGenericCommand), (132 bytes).
    Removing timers.o(i.xTimerGetExpiryTime), (34 bytes).
    Removing timers.o(i.xTimerGetPeriod), (32 bytes).
    Removing timers.o(i.xTimerGetReloadMode), (58 bytes).
    Removing timers.o(i.xTimerGetTimerDaemonTaskHandle), (48 bytes).
    Removing timers.o(i.xTimerIsTimerActive), (58 bytes).
    Removing timers.o(i.xTimerPendFunctionCall), (80 bytes).
    Removing timers.o(i.xTimerPendFunctionCallFromISR), (52 bytes).
    Removing gpio.o(i.GPIOADCTriggerDisable), (14 bytes).
    Removing gpio.o(i.GPIOADCTriggerEnable), (12 bytes).
    Removing gpio.o(i.GPIODMATriggerDisable), (14 bytes).
    Removing gpio.o(i.GPIODMATriggerEnable), (12 bytes).
    Removing gpio.o(i.GPIODirModeGet), (34 bytes).
    Removing gpio.o(i.GPIOIntDisable), (14 bytes).
    Removing gpio.o(i.GPIOIntRegisterPin), (30 bytes).
    Removing gpio.o(i.GPIOIntTypeGet), (70 bytes).
    Removing gpio.o(i.GPIOIntUnregister), (22 bytes).
    Removing gpio.o(i.GPIOIntUnregisterPin), (26 bytes).
    Removing gpio.o(i.GPIOPadConfigGet), (248 bytes).
    Removing gpio.o(i.GPIOPinConfigure), (68 bytes).
    Removing gpio.o(i.GPIOPinTypeADC), (28 bytes).
    Removing gpio.o(i.GPIOPinTypeCAN), (28 bytes).
    Removing gpio.o(i.GPIOPinTypeComparator), (28 bytes).
    Removing gpio.o(i.GPIOPinTypeComparatorOutput), (28 bytes).
    Removing gpio.o(i.GPIOPinTypeDIVSCLK), (28 bytes).
    Removing gpio.o(i.GPIOPinTypeEPI), (28 bytes).
    Removing gpio.o(i.GPIOPinTypeEthernetLED), (28 bytes).
    Removing gpio.o(i.GPIOPinTypeEthernetMII), (28 bytes).
    Removing gpio.o(i.GPIOPinTypeGPIOOutputOD), (28 bytes).
    Removing gpio.o(i.GPIOPinTypeHibernateRTCCLK), (28 bytes).
    Removing gpio.o(i.GPIOPinTypeI2C), (28 bytes).
    Removing gpio.o(i.GPIOPinTypeI2CSCL), (28 bytes).
    Removing gpio.o(i.GPIOPinTypeLCD), (28 bytes).
    Removing gpio.o(i.GPIOPinTypeOneWire), (28 bytes).
    Removing gpio.o(i.GPIOPinTypePWM), (28 bytes).
    Removing gpio.o(i.GPIOPinTypeQEI), (28 bytes).
    Removing gpio.o(i.GPIOPinTypeSSI), (28 bytes).
    Removing gpio.o(i.GPIOPinTypeTimer), (28 bytes).
    Removing gpio.o(i.GPIOPinTypeTrace), (28 bytes).
    Removing gpio.o(i.GPIOPinTypeUART), (28 bytes).
    Removing gpio.o(i.GPIOPinTypeUSBAnalog), (28 bytes).
    Removing gpio.o(i.GPIOPinTypeUSBDigital), (28 bytes).
    Removing gpio.o(i.GPIOPinTypeWakeHigh), (30 bytes).
    Removing gpio.o(i.GPIOPinTypeWakeLow), (30 bytes).
    Removing gpio.o(i.GPIOPinWakeStatus), (6 bytes).
    Removing gpio.o(i.GPIOUnlockPin), (24 bytes).
    Removing interrupt.o(i.IntDisable), (100 bytes).
    Removing interrupt.o(i.IntIsEnabled), (96 bytes).
    Removing interrupt.o(i.IntMasterDisable), (14 bytes).
    Removing interrupt.o(i.IntMasterEnable), (14 bytes).
    Removing interrupt.o(i.IntPendClear), (68 bytes).
    Removing interrupt.o(i.IntPendSet), (84 bytes).
    Removing interrupt.o(i.IntPriorityGet), (28 bytes).
    Removing interrupt.o(i.IntPriorityGroupingGet), (36 bytes).
    Removing interrupt.o(i.IntPriorityGroupingSet), (28 bytes).
    Removing interrupt.o(i.IntPriorityMaskGet), (4 bytes).
    Removing interrupt.o(i.IntPriorityMaskSet), (4 bytes).
    Removing interrupt.o(i.IntTrigger), (12 bytes).
    Removing interrupt.o(i.IntUnregister), (20 bytes).
    Removing interrupt.o(i._IntDefaultHandler), (2 bytes).
    Removing sysctl.o(i.SysCtlAltClkConfig), (12 bytes).
    Removing sysctl.o(i.SysCtlClockFreqSet), (740 bytes).
    Removing sysctl.o(i.SysCtlClockGet), (340 bytes).
    Removing sysctl.o(i.SysCtlClockOutConfig), (20 bytes).
    Removing sysctl.o(i.SysCtlDeepSleep), (32 bytes).
    Removing sysctl.o(i.SysCtlDeepSleepClockConfigSet), (112 bytes).
    Removing sysctl.o(i.SysCtlDeepSleepClockSet), (12 bytes).
    Removing sysctl.o(i.SysCtlDeepSleepPowerSet), (12 bytes).
    Removing sysctl.o(i.SysCtlFlashSectorSizeGet), (56 bytes).
    Removing sysctl.o(i.SysCtlFlashSizeGet), (56 bytes).
    Removing sysctl.o(i.SysCtlGPIOAHBDisable), (28 bytes).
    Removing sysctl.o(i.SysCtlGPIOAHBEnable), (24 bytes).
    Removing sysctl.o(i.SysCtlIntClear), (12 bytes).
    Removing sysctl.o(i.SysCtlIntDisable), (16 bytes).
    Removing sysctl.o(i.SysCtlIntEnable), (16 bytes).
    Removing sysctl.o(i.SysCtlIntRegister), (20 bytes).
    Removing sysctl.o(i.SysCtlIntStatus), (16 bytes).
    Removing sysctl.o(i.SysCtlIntUnregister), (18 bytes).
    Removing sysctl.o(i.SysCtlLDODeepSleepGet), (12 bytes).
    Removing sysctl.o(i.SysCtlLDODeepSleepSet), (12 bytes).
    Removing sysctl.o(i.SysCtlLDOSleepGet), (12 bytes).
    Removing sysctl.o(i.SysCtlLDOSleepSet), (12 bytes).
    Removing sysctl.o(i.SysCtlMOSCConfigSet), (12 bytes).
    Removing sysctl.o(i.SysCtlNMIClear), (16 bytes).
    Removing sysctl.o(i.SysCtlNMIStatus), (12 bytes).
    Removing sysctl.o(i.SysCtlPIOSCCalibrate), (76 bytes).
    Removing sysctl.o(i.SysCtlPWMClockGet), (24 bytes).
    Removing sysctl.o(i.SysCtlPWMClockSet), (20 bytes).
    Removing sysctl.o(i.SysCtlPeripheralClockGating), (68 bytes).
    Removing sysctl.o(i.SysCtlPeripheralDeepSleepDisable), (40 bytes).
    Removing sysctl.o(i.SysCtlPeripheralDeepSleepEnable), (40 bytes).
    Removing sysctl.o(i.SysCtlPeripheralDisable), (40 bytes).
    Removing sysctl.o(i.SysCtlPeripheralPowerOff), (40 bytes).
    Removing sysctl.o(i.SysCtlPeripheralPowerOn), (40 bytes).
    Removing sysctl.o(i.SysCtlPeripheralPresent), (44 bytes).
    Removing sysctl.o(i.SysCtlPeripheralReady), (44 bytes).
    Removing sysctl.o(i.SysCtlPeripheralReset), (60 bytes).
    Removing sysctl.o(i.SysCtlPeripheralSleepDisable), (40 bytes).
    Removing sysctl.o(i.SysCtlPeripheralSleepEnable), (40 bytes).
    Removing sysctl.o(i.SysCtlReset), (16 bytes).
    Removing sysctl.o(i.SysCtlResetBehaviorGet), (12 bytes).
    Removing sysctl.o(i.SysCtlResetBehaviorSet), (12 bytes).
    Removing sysctl.o(i.SysCtlResetCauseClear), (16 bytes).
    Removing sysctl.o(i.SysCtlResetCauseGet), (12 bytes).
    Removing sysctl.o(i.SysCtlSRAMSizeGet), (16 bytes).
    Removing sysctl.o(i.SysCtlSleep), (4 bytes).
    Removing sysctl.o(i.SysCtlSleepPowerSet), (12 bytes).
    Removing sysctl.o(i.SysCtlUSBPLLDisable), (16 bytes).
    Removing sysctl.o(i.SysCtlUSBPLLEnable), (16 bytes).
    Removing sysctl.o(i.SysCtlVCOGet), (120 bytes).
    Removing sysctl.o(i.SysCtlVoltageEventClear), (16 bytes).
    Removing sysctl.o(i.SysCtlVoltageEventConfig), (12 bytes).
    Removing sysctl.o(i.SysCtlVoltageEventStatus), (12 bytes).
    Removing sysctl.o(.constdata), (596 bytes).
    Removing cpu.o(.emb_text), (38 bytes).

236 unused section(s) (total 18200 bytes) removed from the image.

==============================================================================

Image Symbol Table

    Local Symbols

    Symbol Name                              Value     Ov Type        Size  Object(Section)

    RESET                                    0x00000000   Section      620  startup_tm4c123.o(RESET)
    ../clib/../cmprslib/zerorunl2.c          0x00000000   Number         0  __dczerorl2.o ABSOLUTE
    ../clib/microlib/init/entry.s            0x00000000   Number         0  entry2.o ABSOLUTE
    ../clib/microlib/init/entry.s            0x00000000   Number         0  entry5.o ABSOLUTE
    ../clib/microlib/init/entry.s            0x00000000   Number         0  entry7a.o ABSOLUTE
    ../clib/microlib/init/entry.s            0x00000000   Number         0  entry7b.o ABSOLUTE
    ../clib/microlib/init/entry.s            0x00000000   Number         0  entry8a.o ABSOLUTE
    ../clib/microlib/init/entry.s            0x00000000   Number         0  entry.o ABSOLUTE
    ../clib/microlib/init/entry.s            0x00000000   Number         0  entry9a.o ABSOLUTE
    ../clib/microlib/init/entry.s            0x00000000   Number         0  entry8b.o ABSOLUTE
    ../clib/microlib/init/entry.s            0x00000000   Number         0  entry9b.o ABSOLUTE
    ../clib/microlib/init/entry.s            0x00000000   Number         0  entry10a.o ABSOLUTE
    ../clib/microlib/init/entry.s            0x00000000   Number         0  entry10b.o ABSOLUTE
    ../clib/microlib/init/entry.s            0x00000000   Number         0  entry11a.o ABSOLUTE
    ../clib/microlib/init/entry.s            0x00000000   Number         0  entry11b.o ABSOLUTE
    ../clib/microlib/string/memcpy.c         0x00000000   Number         0  memcpyb.o ABSOLUTE
    ../clib/microlib/string/memcpy.c         0x00000000   Number         0  memcpya.o ABSOLUTE
    ../clib/microlib/string/memset.c         0x00000000   Number         0  memseta.o ABSOLUTE
    ../clib/microlib/string/memset.c         0x00000000   Number         0  memset.o ABSOLUTE
    ../clib/microlib/string/strlen.c         0x00000000   Number         0  strlen.o ABSOLUTE
    C:\Users\Abdallah Awdallah\AppData\Local\Arm\Packs\ARM\CMSIS-FreeRTOS\10.5.1\CMSIS\RTOS2\FreeRTOS\Source\freertos_evr.c 0x00000000   Number         0  freertos_evr.o ABSOLUTE
    C:\Users\Abdallah Awdallah\AppData\Local\Arm\Packs\ARM\CMSIS-FreeRTOS\10.5.1\Source\croutine.c 0x00000000   Number         0  croutine.o ABSOLUTE
    C:\Users\Abdallah Awdallah\AppData\Local\Arm\Packs\ARM\CMSIS-FreeRTOS\10.5.1\Source\event_groups.c 0x00000000   Number         0  event_groups.o ABSOLUTE
    C:\Users\Abdallah Awdallah\AppData\Local\Arm\Packs\ARM\CMSIS-FreeRTOS\10.5.1\Source\list.c 0x00000000   Number         0  list.o ABSOLUTE
    C:\Users\Abdallah Awdallah\AppData\Local\Arm\Packs\ARM\CMSIS-FreeRTOS\10.5.1\Source\portable\MemMang\heap_1.c 0x00000000   Number         0  heap_1.o ABSOLUTE
    C:\Users\Abdallah Awdallah\AppData\Local\Arm\Packs\ARM\CMSIS-FreeRTOS\10.5.1\Source\portable\RVDS\ARM_CM4F\port.c 0x00000000   Number         0  port.o ABSOLUTE
    C:\Users\Abdallah Awdallah\AppData\Local\Arm\Packs\ARM\CMSIS-FreeRTOS\10.5.1\Source\queue.c 0x00000000   Number         0  queue.o ABSOLUTE
    C:\Users\Abdallah Awdallah\AppData\Local\Arm\Packs\ARM\CMSIS-FreeRTOS\10.5.1\Source\stream_buffer.c 0x00000000   Number         0  stream_buffer.o ABSOLUTE
    C:\Users\Abdallah Awdallah\AppData\Local\Arm\Packs\ARM\CMSIS-FreeRTOS\10.5.1\Source\tasks.c 0x00000000   Number         0  tasks.o ABSOLUTE
    C:\Users\Abdallah Awdallah\AppData\Local\Arm\Packs\ARM\CMSIS-FreeRTOS\10.5.1\Source\timers.c 0x00000000   Number         0  timers.o ABSOLUTE
    C:\\Users\\Abdallah Awdallah\\AppData\\Local\\Arm\\Packs\\ARM\\CMSIS-FreeRTOS\\10.5.1\\Source\\portable\\RVDS\\ARM_CM4F\\port.c 0x00000000   Number         0  port.o ABSOLUTE
    RTE\Device\TM4C123GH6PM\startup_TM4C123.s 0x00000000   Number         0  startup_tm4c123.o ABSOLUTE
    RTE\Device\TM4C123GH6PM\system_TM4C123.c 0x00000000   Number         0  system_tm4c123.o ABSOLUTE
    RTE\\Device\\TM4C123GH6PM\\system_TM4C123.c 0x00000000   Number         0  system_tm4c123.o ABSOLUTE
    cpu.c                                    0x00000000   Number         0  cpu.o ABSOLUTE
    cpu.c                                    0x00000000   Number         0  cpu.o ABSOLUTE
    dc.s                                     0x00000000   Number         0  dc.o ABSOLUTE
    gpio.c                                   0x00000000   Number         0  gpio.o ABSOLUTE
    handlers.s                               0x00000000   Number         0  handlers.o ABSOLUTE
    init.s                                   0x00000000   Number         0  init.o ABSOLUTE
    interrupt.c                              0x00000000   Number         0  interrupt.o ABSOLUTE
    main.c                                   0x00000000   Number         0  main.o ABSOLUTE
    sysctl.c                                 0x00000000   Number         0  sysctl.o ABSOLUTE
    sysctl.c                                 0x00000000   Number         0  sysctl.o ABSOLUTE
    .ARM.Collect$$$$00000000                 0x0000026c   Section        0  entry.o(.ARM.Collect$$$$00000000)
    .ARM.Collect$$$$00000001                 0x0000026c   Section        4  entry2.o(.ARM.Collect$$$$00000001)
    .ARM.Collect$$$$00000004                 0x00000270   Section        4  entry5.o(.ARM.Collect$$$$00000004)
    .ARM.Collect$$$$00000008                 0x00000274   Section        0  entry7b.o(.ARM.Collect$$$$00000008)
    .ARM.Collect$$$$0000000A                 0x00000274   Section        0  entry8b.o(.ARM.Collect$$$$0000000A)
    .ARM.Collect$$$$0000000B                 0x00000274   Section        8  entry9a.o(.ARM.Collect$$$$0000000B)
    .ARM.Collect$$$$0000000D                 0x0000027c   Section        0  entry10a.o(.ARM.Collect$$$$0000000D)
    .ARM.Collect$$$$0000000F                 0x0000027c   Section        0  entry11a.o(.ARM.Collect$$$$0000000F)
    .ARM.Collect$$$$00002712                 0x0000027c   Section        4  entry2.o(.ARM.Collect$$$$00002712)
    __lit__00000000                          0x0000027c   Data           4  entry2.o(.ARM.Collect$$$$00002712)
    .emb_text                                0x00000280   Section      190  port.o(.emb_text)
    $v0                                      0x00000280   Number         0  port.o(.emb_text)
    .emb_text                                0x00000340   Section        6  sysctl.o(.emb_text)
    $v0                                      0x00000340   Number         0  sysctl.o(.emb_text)
    .text                                    0x00000348   Section      252  startup_tm4c123.o(.text)
    $v0                                      0x00000348   Number         0  startup_tm4c123.o(.text)
    .text                                    0x00000444   Section        0  memcpya.o(.text)
    .text                                    0x00000468   Section        0  memseta.o(.text)
    .text                                    0x0000048c   Section       36  init.o(.text)
    .text                                    0x000004b0   Section        0  __dczerorl2.o(.text)
    i.GPIODirModeSet                         0x00000506   Section        0  gpio.o(i.GPIODirModeSet)
    i.GPIOIntClear                           0x0000052e   Section        0  gpio.o(i.GPIOIntClear)
    i.GPIOIntEnable                          0x00000534   Section        0  gpio.o(i.GPIOIntEnable)
    i.GPIOIntRegister                        0x00000540   Section        0  gpio.o(i.GPIOIntRegister)
    i.GPIOIntStatus                          0x0000055a   Section        0  gpio.o(i.GPIOIntStatus)
    i.GPIOIntTypeSet                         0x00000568   Section        0  gpio.o(i.GPIOIntTypeSet)
    i.GPIOPadConfigSet                       0x000005b8   Section        0  gpio.o(i.GPIOPadConfigSet)
    i.GPIOPinRead                            0x00000728   Section        0  gpio.o(i.GPIOPinRead)
    i.GPIOPinTypeGPIOInput                   0x0000072e   Section        0  gpio.o(i.GPIOPinTypeGPIOInput)
    i.GPIOPinTypeGPIOOutput                  0x0000074a   Section        0  gpio.o(i.GPIOPinTypeGPIOOutput)
    i.GPIOPinWrite                           0x00000766   Section        0  gpio.o(i.GPIOPinWrite)
    i.GPIOPortA_Handler                      0x0000076c   Section        0  main.o(i.GPIOPortA_Handler)
    i.GPIOPortF_Handler                      0x000007f8   Section        0  main.o(i.GPIOPortF_Handler)
    i.IntEnable                              0x00000848   Section        0  interrupt.o(i.IntEnable)
    i.IntPrioritySet                         0x000008ac   Section        0  interrupt.o(i.IntPrioritySet)
    i.IntRegister                            0x000008d4   Section        0  interrupt.o(i.IntRegister)
    i.SysCtlClockSet                         0x00000908   Section        0  sysctl.o(i.SysCtlClockSet)
    i.SysCtlPeripheralEnable                 0x00000a28   Section        0  sysctl.o(i.SysCtlPeripheralEnable)
    i.SysTick_Handler                        0x00000a50   Section        0  port.o(i.SysTick_Handler)
    i.SystemInit                             0x00000a84   Section        0  system_tm4c123.o(i.SystemInit)
    i._GPIOIntNumberGet                      0x00000b1c   Section        0  gpio.o(i._GPIOIntNumberGet)
    _GPIOIntNumberGet                        0x00000b1d   Thumb Code    62  gpio.o(i._GPIOIntNumberGet)
    i.__scatterload_copy                     0x00000b6c   Section       14  handlers.o(i.__scatterload_copy)
    i.__scatterload_null                     0x00000b7a   Section        2  handlers.o(i.__scatterload_null)
    i.__scatterload_zeroinit                 0x00000b7c   Section       14  handlers.o(i.__scatterload_zeroinit)
    i.eTaskConfirmSleepModeStatus            0x00000b8c   Section        0  tasks.o(i.eTaskConfirmSleepModeStatus)
    i.main                                   0x00000bd4   Section        0  main.o(i.main)
    i.prvAddCurrentTaskToDelayedList         0x00000e24   Section        0  tasks.o(i.prvAddCurrentTaskToDelayedList)
    prvAddCurrentTaskToDelayedList           0x00000e25   Thumb Code   174  tasks.o(i.prvAddCurrentTaskToDelayedList)
    i.prvAddNewTaskToReadyList               0x00000ef0   Section        0  tasks.o(i.prvAddNewTaskToReadyList)
    prvAddNewTaskToReadyList                 0x00000ef1   Thumb Code   206  tasks.o(i.prvAddNewTaskToReadyList)
    i.prvCheckForValidListAndQueue           0x00000fdc   Section        0  timers.o(i.prvCheckForValidListAndQueue)
    prvCheckForValidListAndQueue             0x00000fdd   Thumb Code    56  timers.o(i.prvCheckForValidListAndQueue)
    i.prvCheckTasksWaitingTermination        0x00001028   Section        0  tasks.o(i.prvCheckTasksWaitingTermination)
    prvCheckTasksWaitingTermination          0x00001029   Thumb Code    60  tasks.o(i.prvCheckTasksWaitingTermination)
    i.prvCopyDataFromQueue                   0x00001070   Section        0  queue.o(i.prvCopyDataFromQueue)
    prvCopyDataFromQueue                     0x00001071   Thumb Code    42  queue.o(i.prvCopyDataFromQueue)
    i.prvCopyDataToQueue                     0x0000109a   Section        0  queue.o(i.prvCopyDataToQueue)
    prvCopyDataToQueue                       0x0000109b   Thumb Code   126  queue.o(i.prvCopyDataToQueue)
    i.prvDeleteTCB                           0x00001118   Section        0  tasks.o(i.prvDeleteTCB)
    prvDeleteTCB                             0x00001119   Thumb Code    18  tasks.o(i.prvDeleteTCB)
    i.prvGetDisinheritPriorityAfterTimeout   0x0000112a   Section        0  queue.o(i.prvGetDisinheritPriorityAfterTimeout)
    prvGetDisinheritPriorityAfterTimeout     0x0000112b   Thumb Code    20  queue.o(i.prvGetDisinheritPriorityAfterTimeout)
    i.prvGetExpectedIdleTime                 0x00001140   Section        0  tasks.o(i.prvGetExpectedIdleTime)
    prvGetExpectedIdleTime                   0x00001141   Thumb Code    56  tasks.o(i.prvGetExpectedIdleTime)
    i.prvGetNextExpireTime                   0x0000118c   Section        0  timers.o(i.prvGetNextExpireTime)
    prvGetNextExpireTime                     0x0000118d   Thumb Code    36  timers.o(i.prvGetNextExpireTime)
    i.prvIdleTask                            0x000011b4   Section        0  tasks.o(i.prvIdleTask)
    prvIdleTask                              0x000011b5   Thumb Code   108  tasks.o(i.prvIdleTask)
    i.prvInitialiseNewQueue                  0x00001230   Section        0  queue.o(i.prvInitialiseNewQueue)
    prvInitialiseNewQueue                    0x00001231   Thumb Code    46  queue.o(i.prvInitialiseNewQueue)
    i.prvInitialiseNewTask                   0x0000125e   Section        0  tasks.o(i.prvInitialiseNewTask)
    prvInitialiseNewTask                     0x0000125f   Thumb Code   204  tasks.o(i.prvInitialiseNewTask)
    i.prvInitialiseTaskLists                 0x0000132c   Section        0  tasks.o(i.prvInitialiseTaskLists)
    prvInitialiseTaskLists                   0x0000132d   Thumb Code    70  tasks.o(i.prvInitialiseTaskLists)
    i.prvInsertTimerInActiveList             0x00001394   Section        0  timers.o(i.prvInsertTimerInActiveList)
    prvInsertTimerInActiveList               0x00001395   Thumb Code    80  timers.o(i.prvInsertTimerInActiveList)
    i.prvIsQueueEmpty                        0x000013ec   Section        0  queue.o(i.prvIsQueueEmpty)
    prvIsQueueEmpty                          0x000013ed   Thumb Code    26  queue.o(i.prvIsQueueEmpty)
    i.prvNotifyQueueSetContainer             0x00001406   Section        0  queue.o(i.prvNotifyQueueSetContainer)
    prvNotifyQueueSetContainer               0x00001407   Thumb Code   184  queue.o(i.prvNotifyQueueSetContainer)
    i.prvProcessExpiredTimer                 0x000014c0   Section        0  timers.o(i.prvProcessExpiredTimer)
    prvProcessExpiredTimer                   0x000014c1   Thumb Code    62  timers.o(i.prvProcessExpiredTimer)
    i.prvProcessReceivedCommands             0x00001504   Section        0  timers.o(i.prvProcessReceivedCommands)
    prvProcessReceivedCommands               0x00001505   Thumb Code   326  timers.o(i.prvProcessReceivedCommands)
    i.prvProcessTimerOrBlockTask             0x00001650   Section        0  timers.o(i.prvProcessTimerOrBlockTask)
    prvProcessTimerOrBlockTask               0x00001651   Thumb Code   102  timers.o(i.prvProcessTimerOrBlockTask)
    i.prvReloadTimer                         0x000016c4   Section        0  timers.o(i.prvReloadTimer)
    prvReloadTimer                           0x000016c5   Thumb Code    40  timers.o(i.prvReloadTimer)
    i.prvResetNextTaskUnblockTime            0x000016ec   Section        0  tasks.o(i.prvResetNextTaskUnblockTime)
    prvResetNextTaskUnblockTime              0x000016ed   Thumb Code    40  tasks.o(i.prvResetNextTaskUnblockTime)
    i.prvSampleTimeNow                       0x0000171c   Section        0  timers.o(i.prvSampleTimeNow)
    prvSampleTimeNow                         0x0000171d   Thumb Code    40  timers.o(i.prvSampleTimeNow)
    i.prvSwitchTimerLists                    0x00001748   Section        0  timers.o(i.prvSwitchTimerLists)
    prvSwitchTimerLists                      0x00001749   Thumb Code    58  timers.o(i.prvSwitchTimerLists)
    i.prvTaskExitError                       0x0000178c   Section        0  port.o(i.prvTaskExitError)
    prvTaskExitError                         0x0000178d   Thumb Code    60  port.o(i.prvTaskExitError)
    i.prvTimerTask                           0x000017cc   Section        0  timers.o(i.prvTimerTask)
    prvTimerTask                             0x000017cd   Thumb Code    26  timers.o(i.prvTimerTask)
    i.prvUnlockQueue                         0x000017e6   Section        0  queue.o(i.prvUnlockQueue)
    prvUnlockQueue                           0x000017e7   Thumb Code   144  queue.o(i.prvUnlockQueue)
    i.pvPortMalloc                           0x00001878   Section        0  heap_1.o(i.pvPortMalloc)
    i.pvTaskIncrementMutexHeldCount          0x000018fc   Section        0  tasks.o(i.pvTaskIncrementMutexHeldCount)
    i.pxPortInitialiseStack                  0x0000191c   Section        0  port.o(i.pxPortInitialiseStack)
    i.uxListRemove                           0x00001948   Section        0  list.o(i.uxListRemove)
    i.uxTaskGetNumberOfTasks                 0x00001970   Section        0  tasks.o(i.uxTaskGetNumberOfTasks)
    i.vISRFunctionDriverDown                 0x0000197c   Section        0  main.o(i.vISRFunctionDriverDown)
    i.vISRFunctionDriverUp                   0x000019b0   Section        0  main.o(i.vISRFunctionDriverUp)
    i.vISRFunctionLowerLimit                 0x000019e4   Section        0  main.o(i.vISRFunctionLowerLimit)
    i.vISRFunctionPassengerDown              0x00001a18   Section        0  main.o(i.vISRFunctionPassengerDown)
    i.vISRFunctionPassengerUp                0x00001a4c   Section        0  main.o(i.vISRFunctionPassengerUp)
    i.vISRFunctionUpperLimit                 0x00001a80   Section        0  main.o(i.vISRFunctionUpperLimit)
    i.vListInitialise                        0x00001ab4   Section        0  list.o(i.vListInitialise)
    i.vListInitialiseItem                    0x00001ace   Section        0  list.o(i.vListInitialiseItem)
    i.vListInsert                            0x00001ad4   Section        0  list.o(i.vListInsert)
    i.vPortEnterCritical                     0x00001b08   Section        0  port.o(i.vPortEnterCritical)
    i.vPortExitCritical                      0x00001b5c   Section        0  port.o(i.vPortExitCritical)
    i.vPortFree                              0x00001b98   Section        0  heap_1.o(i.vPortFree)
    i.vPortSetupTimerInterrupt               0x00001bbc   Section        0  port.o(i.vPortSetupTimerInterrupt)
    i.vPortSuppressTicksAndSleep             0x00001c24   Section        0  port.o(i.vPortSuppressTicksAndSleep)
    i.vPortValidateInterruptPriority         0x00001d68   Section        0  port.o(i.vPortValidateInterruptPriority)
    i.vQueueWaitForMessageRestricted         0x00001de0   Section        0  queue.o(i.vQueueWaitForMessageRestricted)
    i.vTaskDelay                             0x00001e2c   Section        0  tasks.o(i.vTaskDelay)
    i.vTaskFunctionDriverDown                0x00001e88   Section        0  main.o(i.vTaskFunctionDriverDown)
    i.vTaskFunctionDriverUp                  0x00001f88   Section        0  main.o(i.vTaskFunctionDriverUp)
    i.vTaskFunctionLowerLimit                0x00002088   Section        0  main.o(i.vTaskFunctionLowerLimit)
    i.vTaskFunctionPassengerDown             0x000020c0   Section        0  main.o(i.vTaskFunctionPassengerDown)
    i.vTaskFunctionPassengerUp               0x000021d8   Section        0  main.o(i.vTaskFunctionPassengerUp)
    i.vTaskFunctionUpperLimit                0x000022ec   Section        0  main.o(i.vTaskFunctionUpperLimit)
    i.vTaskInternalSetTimeOutState           0x00002324   Section        0  tasks.o(i.vTaskInternalSetTimeOutState)
    i.vTaskMissedYield                       0x0000233c   Section        0  tasks.o(i.vTaskMissedYield)
    i.vTaskPlaceOnEventList                  0x00002348   Section        0  tasks.o(i.vTaskPlaceOnEventList)
    i.vTaskPlaceOnEventListRestricted        0x00002380   Section        0  tasks.o(i.vTaskPlaceOnEventListRestricted)
    i.vTaskPriorityDisinheritAfterTimeout    0x000023e4   Section        0  tasks.o(i.vTaskPriorityDisinheritAfterTimeout)
    i.vTaskStartScheduler                    0x000024fc   Section        0  tasks.o(i.vTaskStartScheduler)
    i.vTaskStepTick                          0x00002598   Section        0  tasks.o(i.vTaskStepTick)
    i.vTaskSuspendAll                        0x00002644   Section        0  tasks.o(i.vTaskSuspendAll)
    i.vTaskSwitchContext                     0x00002654   Section        0  tasks.o(i.vTaskSwitchContext)
    i.xPortStartScheduler                    0x000026e0   Section        0  port.o(i.xPortStartScheduler)
    i.xQueueGenericCreate                    0x00002848   Section        0  queue.o(i.xQueueGenericCreate)
    i.xQueueGenericReset                     0x000028b0   Section        0  queue.o(i.xQueueGenericReset)
    i.xQueueGiveFromISR                      0x0000298c   Section        0  queue.o(i.xQueueGiveFromISR)
    i.xQueueReceive                          0x00002aac   Section        0  queue.o(i.xQueueReceive)
    i.xQueueSemaphoreTake                    0x00002c14   Section        0  queue.o(i.xQueueSemaphoreTake)
    i.xTaskCheckForTimeOut                   0x00002da8   Section        0  tasks.o(i.xTaskCheckForTimeOut)
    i.xTaskCreate                            0x00002e54   Section        0  tasks.o(i.xTaskCreate)
    i.xTaskGetSchedulerState                 0x00002ebc   Section        0  tasks.o(i.xTaskGetSchedulerState)
    i.xTaskGetTickCount                      0x00002edc   Section        0  tasks.o(i.xTaskGetTickCount)
    i.xTaskGetTickCountFromISR               0x00002ee8   Section        0  tasks.o(i.xTaskGetTickCountFromISR)
    i.xTaskIncrementTick                     0x00002efc   Section        0  tasks.o(i.xTaskIncrementTick)
    i.xTaskPriorityDisinherit                0x000030b8   Section        0  tasks.o(i.xTaskPriorityDisinherit)
    i.xTaskPriorityInherit                   0x000031a8   Section        0  tasks.o(i.xTaskPriorityInherit)
    i.xTaskRemoveFromEventList               0x00003294   Section        0  tasks.o(i.xTaskRemoveFromEventList)
    i.xTaskResumeAll                         0x000033b8   Section        0  tasks.o(i.xTaskResumeAll)
    i.xTimerCreateTimerTask                  0x00003530   Section        0  timers.o(i.xTimerCreateTimerTask)
    .constdata                               0x00003584   Section      552  gpio.o(.constdata)
    g_ppui32GPIOIntMapBlizzard               0x00003584   Data         192  gpio.o(.constdata)
    g_ppui32GPIOIntMapSnowflake              0x00003644   Data         216  gpio.o(.constdata)
    g_pui32GPIOBaseAddrs                     0x0000371c   Data         144  gpio.o(.constdata)
    .constdata                               0x000037ac   Section      268  interrupt.o(.constdata)
    g_pui32Priority                          0x000037ac   Data          32  interrupt.o(.constdata)
    g_pui32Regs                              0x000037cc   Data         156  interrupt.o(.constdata)
    g_pui32EnRegs                            0x00003868   Data          20  interrupt.o(.constdata)
    g_pui32Dii16Regs                         0x0000387c   Data          20  interrupt.o(.constdata)
    g_pui32PendRegs                          0x00003890   Data          20  interrupt.o(.constdata)
    g_pui32UnpendRegs                        0x000038a4   Data          20  interrupt.o(.constdata)
    .data                                    0x20000000   Section       52  main.o(.data)
    LowerlimitReached                        0x20000000   Data           1  main.o(.data)
    UpperlimitReached                        0x20000001   Data           1  main.o(.data)
    portAReq                                 0x20000004   Data           4  main.o(.data)
    portAReq2                                0x20000008   Data           4  main.o(.data)
    lastTickVal                              0x2000002c   Data           4  main.o(.data)
    lastTickValF                             0x20000030   Data           4  main.o(.data)
    .data                                    0x20000034   Section        4  system_tm4c123.o(.data)
    .data                                    0x20000038   Section        8  heap_1.o(.data)
    xNextFreeByte                            0x20000038   Data           4  heap_1.o(.data)
    pucAlignedHeap                           0x2000003c   Data           4  heap_1.o(.data)
    .data                                    0x20000040   Section       24  port.o(.data)
    uxCriticalNesting                        0x20000040   Data           4  port.o(.data)
    ulTimerCountsForOneTick                  0x20000044   Data           4  port.o(.data)
    xMaximumPossibleSuppressedTicks          0x20000048   Data           4  port.o(.data)
    ulStoppedTimerCompensation               0x2000004c   Data           4  port.o(.data)
    ucMaxSysCallPriority                     0x20000050   Data           1  port.o(.data)
    ulMaxPRIGROUPValue                       0x20000054   Data           4  port.o(.data)
    .data                                    0x20000058   Section       64  tasks.o(.data)
    pxDelayedTaskList                        0x2000005c   Data           4  tasks.o(.data)
    pxOverflowDelayedTaskList                0x20000060   Data           4  tasks.o(.data)
    uxDeletedTasksWaitingCleanUp             0x20000064   Data           4  tasks.o(.data)
    uxCurrentNumberOfTasks                   0x20000068   Data           4  tasks.o(.data)
    xTickCount                               0x2000006c   Data           4  tasks.o(.data)
    uxTopReadyPriority                       0x20000070   Data           4  tasks.o(.data)
    xSchedulerRunning                        0x20000074   Data           4  tasks.o(.data)
    xPendedTicks                             0x20000078   Data           4  tasks.o(.data)
    xYieldPending                            0x2000007c   Data           4  tasks.o(.data)
    xNumOfOverflows                          0x20000080   Data           4  tasks.o(.data)
    uxTaskNumber                             0x20000084   Data           4  tasks.o(.data)
    xNextTaskUnblockTime                     0x20000088   Data           4  tasks.o(.data)
    xIdleTaskHandle                          0x2000008c   Data           4  tasks.o(.data)
    uxSchedulerSuspended                     0x20000094   Data           4  tasks.o(.data)
    .data                                    0x20000098   Section       20  timers.o(.data)
    pxCurrentTimerList                       0x20000098   Data           4  timers.o(.data)
    pxOverflowTimerList                      0x2000009c   Data           4  timers.o(.data)
    xTimerQueue                              0x200000a0   Data           4  timers.o(.data)
    xTimerTaskHandle                         0x200000a4   Data           4  timers.o(.data)
    xLastTime                                0x200000a8   Data           4  timers.o(.data)
    vtable                                   0x20000400   Section      620  interrupt.o(vtable)
    g_pfnRAMVectors                          0x20000400   Data         620  interrupt.o(vtable)
    .bss                                     0x2000066c   Section     8192  heap_1.o(.bss)
    ucHeap                                   0x2000066c   Data        8192  heap_1.o(.bss)
    .bss                                     0x2000266c   Section      200  tasks.o(.bss)
    pxReadyTasksLists                        0x2000266c   Data         100  tasks.o(.bss)
    xDelayedTaskList1                        0x200026d0   Data          20  tasks.o(.bss)
    xDelayedTaskList2                        0x200026e4   Data          20  tasks.o(.bss)
    xPendingReadyList                        0x200026f8   Data          20  tasks.o(.bss)
    xTasksWaitingTermination                 0x2000270c   Data          20  tasks.o(.bss)
    xSuspendedTaskList                       0x20002720   Data          20  tasks.o(.bss)
    .bss                                     0x20002734   Section       40  timers.o(.bss)
    xActiveTimerList1                        0x20002734   Data          20  timers.o(.bss)
    xActiveTimerList2                        0x20002748   Data          20  timers.o(.bss)
    STACK                                    0x20002760   Section      512  startup_tm4c123.o(STACK)

    Global Symbols

    Symbol Name                              Value     Ov Type        Size  Object(Section)

    BuildAttributes$$THM_ISAv4$E$P$D$K$B$S$7EM$VFPi3$EXTD16$VFPS$VFMA$PE$A:L22UL41UL21$X:L11$S22US41US21$IEEE1$IW$USESV6$~STKCKD$USESV7$~SHL$OTIME$EBA8$MICROLIB$REQ8$PRES8$EABIv2 0x00000000   Number         0  anon$$obj.o ABSOLUTE
    __ARM_use_no_argv                        0x00000000   Number         0  main.o ABSOLUTE
    __Vectors                                0x00000000   Data           4  startup_tm4c123.o(RESET)
    __cpp_initialize__aeabi_                  - Undefined Weak Reference
    __cxa_finalize                            - Undefined Weak Reference
    _clock_init                               - Undefined Weak Reference
    _microlib_exit                            - Undefined Weak Reference
    __Vectors_End                            0x0000026c   Data           0  startup_tm4c123.o(RESET)
    __Vectors_Size                           0x0000026c   Number         0  startup_tm4c123.o ABSOLUTE
    __main                                   0x0000026d   Thumb Code     0  entry.o(.ARM.Collect$$$$00000000)
    _main_stk                                0x0000026d   Thumb Code     0  entry2.o(.ARM.Collect$$$$00000001)
    _main_scatterload                        0x00000271   Thumb Code     0  entry5.o(.ARM.Collect$$$$00000004)
    __main_after_scatterload                 0x00000275   Thumb Code     0  entry5.o(.ARM.Collect$$$$00000004)
    _main_clock                              0x00000275   Thumb Code     0  entry7b.o(.ARM.Collect$$$$00000008)
    _main_cpp_init                           0x00000275   Thumb Code     0  entry8b.o(.ARM.Collect$$$$0000000A)
    _main_init                               0x00000275   Thumb Code     0  entry9a.o(.ARM.Collect$$$$0000000B)
    __rt_final_cpp                           0x0000027d   Thumb Code     0  entry10a.o(.ARM.Collect$$$$0000000D)
    __rt_final_exit                          0x0000027d   Thumb Code     0  entry11a.o(.ARM.Collect$$$$0000000F)
    SVC_Handler                              0x00000281   Thumb Code    28  port.o(.emb_text)
    __asm___6_port_c_39a90d8d__prvStartFirstTask 0x000002a1   Thumb Code    36  port.o(.emb_text)
    __asm___6_port_c_39a90d8d__prvEnableVFP  0x000002c9   Thumb Code    16  port.o(.emb_text)
    PendSV_Handler                           0x000002dd   Thumb Code    88  port.o(.emb_text)
    vPortGetIPSR                             0x00000339   Thumb Code     6  port.o(.emb_text)
    SysCtlDelay                              0x00000341   Thumb Code     6  sysctl.o(.emb_text)
    Reset_Handler                            0x00000349   Thumb Code     8  startup_tm4c123.o(.text)
    NMI_Handler                              0x00000351   Thumb Code     2  startup_tm4c123.o(.text)
    HardFault_Handler                        0x00000353   Thumb Code     2  startup_tm4c123.o(.text)
    MemManage_Handler                        0x00000355   Thumb Code     2  startup_tm4c123.o(.text)
    BusFault_Handler                         0x00000357   Thumb Code     2  startup_tm4c123.o(.text)
    UsageFault_Handler                       0x00000359   Thumb Code     2  startup_tm4c123.o(.text)
    DebugMon_Handler                         0x0000035d   Thumb Code     2  startup_tm4c123.o(.text)
    GPIOA_Handler                            0x00000363   Thumb Code     2  startup_tm4c123.o(.text)
    GPIOB_Handler                            0x00000365   Thumb Code     2  startup_tm4c123.o(.text)
    GPIOC_Handler                            0x00000367   Thumb Code     2  startup_tm4c123.o(.text)
    GPIOD_Handler                            0x00000369   Thumb Code     2  startup_tm4c123.o(.text)
    GPIOE_Handler                            0x0000036b   Thumb Code     2  startup_tm4c123.o(.text)
    UART0_Handler                            0x0000036d   Thumb Code     2  startup_tm4c123.o(.text)
    UART1_Handler                            0x0000036f   Thumb Code     2  startup_tm4c123.o(.text)
    SSI0_Handler                             0x00000371   Thumb Code     2  startup_tm4c123.o(.text)
    I2C0_Handler                             0x00000373   Thumb Code     2  startup_tm4c123.o(.text)
    PMW0_FAULT_Handler                       0x00000375   Thumb Code     2  startup_tm4c123.o(.text)
    PWM0_0_Handler                           0x00000377   Thumb Code     2  startup_tm4c123.o(.text)
    PWM0_1_Handler                           0x00000379   Thumb Code     2  startup_tm4c123.o(.text)
    PWM0_2_Handler                           0x0000037b   Thumb Code     2  startup_tm4c123.o(.text)
    QEI0_Handler                             0x0000037d   Thumb Code     2  startup_tm4c123.o(.text)
    ADC0SS0_Handler                          0x0000037f   Thumb Code     2  startup_tm4c123.o(.text)
    ADC0SS1_Handler                          0x00000381   Thumb Code     2  startup_tm4c123.o(.text)
    ADC0SS2_Handler                          0x00000383   Thumb Code     2  startup_tm4c123.o(.text)
    ADC0SS3_Handler                          0x00000385   Thumb Code     2  startup_tm4c123.o(.text)
    WDT0_Handler                             0x00000387   Thumb Code     2  startup_tm4c123.o(.text)
    TIMER0A_Handler                          0x00000389   Thumb Code     2  startup_tm4c123.o(.text)
    TIMER0B_Handler                          0x0000038b   Thumb Code     2  startup_tm4c123.o(.text)
    TIMER1A_Handler                          0x0000038d   Thumb Code     2  startup_tm4c123.o(.text)
    TIMER1B_Handler                          0x0000038f   Thumb Code     2  startup_tm4c123.o(.text)
    TIMER2A_Handler                          0x00000391   Thumb Code     2  startup_tm4c123.o(.text)
    TIMER2B_Handler                          0x00000393   Thumb Code     2  startup_tm4c123.o(.text)
    COMP0_Handler                            0x00000395   Thumb Code     2  startup_tm4c123.o(.text)
    COMP1_Handler                            0x00000397   Thumb Code     2  startup_tm4c123.o(.text)
    COMP2_Handler                            0x00000399   Thumb Code     2  startup_tm4c123.o(.text)
    SYSCTL_Handler                           0x0000039b   Thumb Code     2  startup_tm4c123.o(.text)
    FLASH_Handler                            0x0000039d   Thumb Code     2  startup_tm4c123.o(.text)
    GPIOF_Handler                            0x0000039f   Thumb Code     2  startup_tm4c123.o(.text)
    GPIOG_Handler                            0x000003a1   Thumb Code     2  startup_tm4c123.o(.text)
    GPIOH_Handler                            0x000003a3   Thumb Code     2  startup_tm4c123.o(.text)
    UART2_Handler                            0x000003a5   Thumb Code     2  startup_tm4c123.o(.text)
    SSI1_Handler                             0x000003a7   Thumb Code     2  startup_tm4c123.o(.text)
    TIMER3A_Handler                          0x000003a9   Thumb Code     2  startup_tm4c123.o(.text)
    TIMER3B_Handler                          0x000003ab   Thumb Code     2  startup_tm4c123.o(.text)
    I2C1_Handler                             0x000003ad   Thumb Code     2  startup_tm4c123.o(.text)
    QEI1_Handler                             0x000003af   Thumb Code     2  startup_tm4c123.o(.text)
    CAN0_Handler                             0x000003b1   Thumb Code     2  startup_tm4c123.o(.text)
    CAN1_Handler                             0x000003b3   Thumb Code     2  startup_tm4c123.o(.text)
    CAN2_Handler                             0x000003b5   Thumb Code     2  startup_tm4c123.o(.text)
    HIB_Handler                              0x000003b7   Thumb Code     2  startup_tm4c123.o(.text)
    USB0_Handler                             0x000003b9   Thumb Code     2  startup_tm4c123.o(.text)
    PWM0_3_Handler                           0x000003bb   Thumb Code     2  startup_tm4c123.o(.text)
    UDMA_Handler                             0x000003bd   Thumb Code     2  startup_tm4c123.o(.text)
    UDMAERR_Handler                          0x000003bf   Thumb Code     2  startup_tm4c123.o(.text)
    ADC1SS0_Handler                          0x000003c1   Thumb Code     2  startup_tm4c123.o(.text)
    ADC1SS1_Handler                          0x000003c3   Thumb Code     2  startup_tm4c123.o(.text)
    ADC1SS2_Handler                          0x000003c5   Thumb Code     2  startup_tm4c123.o(.text)
    ADC1SS3_Handler                          0x000003c7   Thumb Code     2  startup_tm4c123.o(.text)
    GPIOJ_Handler                            0x000003c9   Thumb Code     2  startup_tm4c123.o(.text)
    GPIOK_Handler                            0x000003cb   Thumb Code     2  startup_tm4c123.o(.text)
    GPIOL_Handler                            0x000003cd   Thumb Code     2  startup_tm4c123.o(.text)
    SSI2_Handler                             0x000003cf   Thumb Code     2  startup_tm4c123.o(.text)
    SSI3_Handler                             0x000003d1   Thumb Code     2  startup_tm4c123.o(.text)
    UART3_Handler                            0x000003d3   Thumb Code     2  startup_tm4c123.o(.text)
    UART4_Handler                            0x000003d5   Thumb Code     2  startup_tm4c123.o(.text)
    UART5_Handler                            0x000003d7   Thumb Code     2  startup_tm4c123.o(.text)
    UART6_Handler                            0x000003d9   Thumb Code     2  startup_tm4c123.o(.text)
    UART7_Handler                            0x000003db   Thumb Code     2  startup_tm4c123.o(.text)
    I2C2_Handler                             0x000003dd   Thumb Code     2  startup_tm4c123.o(.text)
    I2C3_Handler                             0x000003df   Thumb Code     2  startup_tm4c123.o(.text)
    TIMER4A_Handler                          0x000003e1   Thumb Code     2  startup_tm4c123.o(.text)
    TIMER4B_Handler                          0x000003e3   Thumb Code     2  startup_tm4c123.o(.text)
    TIMER5A_Handler                          0x000003e5   Thumb Code     2  startup_tm4c123.o(.text)
    TIMER5B_Handler                          0x000003e7   Thumb Code     2  startup_tm4c123.o(.text)
    WTIMER0A_Handler                         0x000003e9   Thumb Code     2  startup_tm4c123.o(.text)
    WTIMER0B_Handler                         0x000003eb   Thumb Code     2  startup_tm4c123.o(.text)
    WTIMER1A_Handler                         0x000003ed   Thumb Code     2  startup_tm4c123.o(.text)
    WTIMER1B_Handler                         0x000003ef   Thumb Code     2  startup_tm4c123.o(.text)
    WTIMER2A_Handler                         0x000003f1   Thumb Code     2  startup_tm4c123.o(.text)
    WTIMER2B_Handler                         0x000003f3   Thumb Code     2  startup_tm4c123.o(.text)
    WTIMER3A_Handler                         0x000003f5   Thumb Code     2  startup_tm4c123.o(.text)
    WTIMER3B_Handler                         0x000003f7   Thumb Code     2  startup_tm4c123.o(.text)
    WTIMER4A_Handler                         0x000003f9   Thumb Code     2  startup_tm4c123.o(.text)
    WTIMER4B_Handler                         0x000003fb   Thumb Code     2  startup_tm4c123.o(.text)
    WTIMER5A_Handler                         0x000003fd   Thumb Code     2  startup_tm4c123.o(.text)
    WTIMER5B_Handler                         0x000003ff   Thumb Code     2  startup_tm4c123.o(.text)
    FPU_Handler                              0x00000401   Thumb Code     2  startup_tm4c123.o(.text)
    I2C4_Handler                             0x00000403   Thumb Code     2  startup_tm4c123.o(.text)
    I2C5_Handler                             0x00000405   Thumb Code     2  startup_tm4c123.o(.text)
    GPIOM_Handler                            0x00000407   Thumb Code     2  startup_tm4c123.o(.text)
    GPION_Handler                            0x00000409   Thumb Code     2  startup_tm4c123.o(.text)
    QEI2_Handler                             0x0000040b   Thumb Code     2  startup_tm4c123.o(.text)
    GPIOP0_Handler                           0x0000040d   Thumb Code     2  startup_tm4c123.o(.text)
    GPIOP1_Handler                           0x0000040f   Thumb Code     2  startup_tm4c123.o(.text)
    GPIOP2_Handler                           0x00000411   Thumb Code     2  startup_tm4c123.o(.text)
    GPIOP3_Handler                           0x00000413   Thumb Code     2  startup_tm4c123.o(.text)
    GPIOP4_Handler                           0x00000415   Thumb Code     2  startup_tm4c123.o(.text)
    GPIOP5_Handler                           0x00000417   Thumb Code     2  startup_tm4c123.o(.text)
    GPIOP6_Handler                           0x00000419   Thumb Code     2  startup_tm4c123.o(.text)
    GPIOP7_Handler                           0x0000041b   Thumb Code     2  startup_tm4c123.o(.text)
    GPIOQ0_Handler                           0x0000041d   Thumb Code     2  startup_tm4c123.o(.text)
    GPIOQ1_Handler                           0x0000041f   Thumb Code     2  startup_tm4c123.o(.text)
    GPIOQ2_Handler                           0x00000421   Thumb Code     2  startup_tm4c123.o(.text)
    GPIOQ3_Handler                           0x00000423   Thumb Code     2  startup_tm4c123.o(.text)
    GPIOQ4_Handler                           0x00000425   Thumb Code     2  startup_tm4c123.o(.text)
    GPIOQ5_Handler                           0x00000427   Thumb Code     2  startup_tm4c123.o(.text)
    GPIOQ6_Handler                           0x00000429   Thumb Code     2  startup_tm4c123.o(.text)
    GPIOQ7_Handler                           0x0000042b   Thumb Code     2  startup_tm4c123.o(.text)
    GPIOR_Handler                            0x0000042d   Thumb Code     2  startup_tm4c123.o(.text)
    GPIOS_Handler                            0x0000042f   Thumb Code     2  startup_tm4c123.o(.text)
    PMW1_0_Handler                           0x00000431   Thumb Code     2  startup_tm4c123.o(.text)
    PWM1_1_Handler                           0x00000433   Thumb Code     2  startup_tm4c123.o(.text)
    PWM1_2_Handler                           0x00000435   Thumb Code     2  startup_tm4c123.o(.text)
    PWM1_3_Handler                           0x00000437   Thumb Code     2  startup_tm4c123.o(.text)
    PWM1_FAULT_Handler                       0x00000439   Thumb Code     2  startup_tm4c123.o(.text)
    __aeabi_memcpy                           0x00000445   Thumb Code    36  memcpya.o(.text)
    __aeabi_memcpy4                          0x00000445   Thumb Code     0  memcpya.o(.text)
    __aeabi_memcpy8                          0x00000445   Thumb Code     0  memcpya.o(.text)
    __aeabi_memset                           0x00000469   Thumb Code    14  memseta.o(.text)
    __aeabi_memset4                          0x00000469   Thumb Code     0  memseta.o(.text)
    __aeabi_memset8                          0x00000469   Thumb Code     0  memseta.o(.text)
    __aeabi_memclr                           0x00000477   Thumb Code     4  memseta.o(.text)
    __aeabi_memclr4                          0x00000477   Thumb Code     0  memseta.o(.text)
    __aeabi_memclr8                          0x00000477   Thumb Code     0  memseta.o(.text)
    memset                                   0x0000047b   Thumb Code    18  memseta.o(.text)
    __scatterload                            0x0000048d   Thumb Code    28  init.o(.text)
    __scatterload_rt2                        0x0000048d   Thumb Code     0  init.o(.text)
    __decompress                             0x000004b1   Thumb Code     0  __dczerorl2.o(.text)
    __decompress1                            0x000004b1   Thumb Code    86  __dczerorl2.o(.text)
    GPIODirModeSet                           0x00000507   Thumb Code    40  gpio.o(i.GPIODirModeSet)
    GPIOIntClear                             0x0000052f   Thumb Code     6  gpio.o(i.GPIOIntClear)
    GPIOIntEnable                            0x00000535   Thumb Code    12  gpio.o(i.GPIOIntEnable)
    GPIOIntRegister                          0x00000541   Thumb Code    26  gpio.o(i.GPIOIntRegister)
    GPIOIntStatus                            0x0000055b   Thumb Code    14  gpio.o(i.GPIOIntStatus)
    GPIOIntTypeSet                           0x00000569   Thumb Code    80  gpio.o(i.GPIOIntTypeSet)
    GPIOPadConfigSet                         0x000005b9   Thumb Code   354  gpio.o(i.GPIOPadConfigSet)
    GPIOPinRead                              0x00000729   Thumb Code     6  gpio.o(i.GPIOPinRead)
    GPIOPinTypeGPIOInput                     0x0000072f   Thumb Code    28  gpio.o(i.GPIOPinTypeGPIOInput)
    GPIOPinTypeGPIOOutput                    0x0000074b   Thumb Code    28  gpio.o(i.GPIOPinTypeGPIOOutput)
    GPIOPinWrite                             0x00000767   Thumb Code     6  gpio.o(i.GPIOPinWrite)
    GPIOPortA_Handler                        0x0000076d   Thumb Code   130  main.o(i.GPIOPortA_Handler)
    GPIOPortF_Handler                        0x000007f9   Thumb Code    66  main.o(i.GPIOPortF_Handler)
    IntEnable                                0x00000849   Thumb Code    92  interrupt.o(i.IntEnable)
    IntPrioritySet                           0x000008ad   Thumb Code    36  interrupt.o(i.IntPrioritySet)
    IntRegister                              0x000008d5   Thumb Code    44  interrupt.o(i.IntRegister)
    SysCtlClockSet                           0x00000909   Thumb Code   270  sysctl.o(i.SysCtlClockSet)
    SysCtlPeripheralEnable                   0x00000a29   Thumb Code    36  sysctl.o(i.SysCtlPeripheralEnable)
    SysTick_Handler                          0x00000a51   Thumb Code    46  port.o(i.SysTick_Handler)
    SystemInit                               0x00000a85   Thumb Code   112  system_tm4c123.o(i.SystemInit)
    __scatterload_copy                       0x00000b6d   Thumb Code    14  handlers.o(i.__scatterload_copy)
    __scatterload_null                       0x00000b7b   Thumb Code     2  handlers.o(i.__scatterload_null)
    __scatterload_zeroinit                   0x00000b7d   Thumb Code    14  handlers.o(i.__scatterload_zeroinit)
    eTaskConfirmSleepModeStatus              0x00000b8d   Thumb Code    52  tasks.o(i.eTaskConfirmSleepModeStatus)
    main                                     0x00000bd5   Thumb Code   404  main.o(i.main)
    pvPortMalloc                             0x00001879   Thumb Code   118  heap_1.o(i.pvPortMalloc)
    pvTaskIncrementMutexHeldCount            0x000018fd   Thumb Code    26  tasks.o(i.pvTaskIncrementMutexHeldCount)
    pxPortInitialiseStack                    0x0000191d   Thumb Code    38  port.o(i.pxPortInitialiseStack)
    uxListRemove                             0x00001949   Thumb Code    40  list.o(i.uxListRemove)
    uxTaskGetNumberOfTasks                   0x00001971   Thumb Code     6  tasks.o(i.uxTaskGetNumberOfTasks)
    vISRFunctionDriverDown                   0x0000197d   Thumb Code    42  main.o(i.vISRFunctionDriverDown)
    vISRFunctionDriverUp                     0x000019b1   Thumb Code    42  main.o(i.vISRFunctionDriverUp)
    vISRFunctionLowerLimit                   0x000019e5   Thumb Code    42  main.o(i.vISRFunctionLowerLimit)
    vISRFunctionPassengerDown                0x00001a19   Thumb Code    42  main.o(i.vISRFunctionPassengerDown)
    vISRFunctionPassengerUp                  0x00001a4d   Thumb Code    42  main.o(i.vISRFunctionPassengerUp)
    vISRFunctionUpperLimit                   0x00001a81   Thumb Code    42  main.o(i.vISRFunctionUpperLimit)
    vListInitialise                          0x00001ab5   Thumb Code    26  list.o(i.vListInitialise)
    vListInitialiseItem                      0x00001acf   Thumb Code     6  list.o(i.vListInitialiseItem)
    vListInsert                              0x00001ad5   Thumb Code    52  list.o(i.vListInsert)
    vPortEnterCritical                       0x00001b09   Thumb Code    76  port.o(i.vPortEnterCritical)
    vPortExitCritical                        0x00001b5d   Thumb Code    56  port.o(i.vPortExitCritical)
    vPortFree                                0x00001b99   Thumb Code    34  heap_1.o(i.vPortFree)
    vPortSetupTimerInterrupt                 0x00001bbd   Thumb Code    86  port.o(i.vPortSetupTimerInterrupt)
    vPortSuppressTicksAndSleep               0x00001c25   Thumb Code   306  port.o(i.vPortSuppressTicksAndSleep)
    vPortValidateInterruptPriority           0x00001d69   Thumb Code   106  port.o(i.vPortValidateInterruptPriority)
    vQueueWaitForMessageRestricted           0x00001de1   Thumb Code    74  queue.o(i.vQueueWaitForMessageRestricted)
    vTaskDelay                               0x00001e2d   Thumb Code    82  tasks.o(i.vTaskDelay)
    vTaskFunctionDriverDown                  0x00001e89   Thumb Code   234  main.o(i.vTaskFunctionDriverDown)
    vTaskFunctionDriverUp                    0x00001f89   Thumb Code   234  main.o(i.vTaskFunctionDriverUp)
    vTaskFunctionLowerLimit                  0x00002089   Thumb Code    42  main.o(i.vTaskFunctionLowerLimit)
    vTaskFunctionPassengerDown               0x000020c1   Thumb Code   260  main.o(i.vTaskFunctionPassengerDown)
    vTaskFunctionPassengerUp                 0x000021d9   Thumb Code   254  main.o(i.vTaskFunctionPassengerUp)
    vTaskFunctionUpperLimit                  0x000022ed   Thumb Code    42  main.o(i.vTaskFunctionUpperLimit)
    vTaskInternalSetTimeOutState             0x00002325   Thumb Code    14  tasks.o(i.vTaskInternalSetTimeOutState)
    vTaskMissedYield                         0x0000233d   Thumb Code     8  tasks.o(i.vTaskMissedYield)
    vTaskPlaceOnEventList                    0x00002349   Thumb Code    52  tasks.o(i.vTaskPlaceOnEventList)
    vTaskPlaceOnEventListRestricted          0x00002381   Thumb Code    94  tasks.o(i.vTaskPlaceOnEventListRestricted)
    vTaskPriorityDisinheritAfterTimeout      0x000023e5   Thumb Code   268  tasks.o(i.vTaskPriorityDisinheritAfterTimeout)
    vTaskStartScheduler                      0x000024fd   Thumb Code   122  tasks.o(i.vTaskStartScheduler)
    vTaskStepTick                            0x00002599   Thumb Code   154  tasks.o(i.vTaskStepTick)
    vTaskSuspendAll                          0x00002645   Thumb Code    12  tasks.o(i.vTaskSuspendAll)
    vTaskSwitchContext                       0x00002655   Thumb Code   118  tasks.o(i.vTaskSwitchContext)
    xPortStartScheduler                      0x000026e1   Thumb Code   330  port.o(i.xPortStartScheduler)
    xQueueGenericCreate                      0x00002849   Thumb Code   102  queue.o(i.xQueueGenericCreate)
    xQueueGenericReset                       0x000028b1   Thumb Code   214  queue.o(i.xQueueGenericReset)
    xQueueGiveFromISR                        0x0000298d   Thumb Code   286  queue.o(i.xQueueGiveFromISR)
    xQueueReceive                            0x00002aad   Thumb Code   356  queue.o(i.xQueueReceive)
    xQueueSemaphoreTake                      0x00002c15   Thumb Code   398  queue.o(i.xQueueSemaphoreTake)
    xTaskCheckForTimeOut                     0x00002da9   Thumb Code   160  tasks.o(i.xTaskCheckForTimeOut)
    xTaskCreate                              0x00002e55   Thumb Code   104  tasks.o(i.xTaskCreate)
    xTaskGetSchedulerState                   0x00002ebd   Thumb Code    24  tasks.o(i.xTaskGetSchedulerState)
    xTaskGetTickCount                        0x00002edd   Thumb Code     6  tasks.o(i.xTaskGetTickCount)
    xTaskGetTickCountFromISR                 0x00002ee9   Thumb Code    16  tasks.o(i.xTaskGetTickCountFromISR)
    xTaskIncrementTick                       0x00002efd   Thumb Code   398  tasks.o(i.xTaskIncrementTick)
    xTaskPriorityDisinherit                  0x000030b9   Thumb Code   226  tasks.o(i.xTaskPriorityDisinherit)
    xTaskPriorityInherit                     0x000031a9   Thumb Code   224  tasks.o(i.xTaskPriorityInherit)
    xTaskRemoveFromEventList                 0x00003295   Thumb Code   268  tasks.o(i.xTaskRemoveFromEventList)
    xTaskResumeAll                           0x000033b9   Thumb Code   338  tasks.o(i.xTaskResumeAll)
    xTimerCreateTimerTask                    0x00003531   Thumb Code    64  timers.o(i.xTimerCreateTimerTask)
    Region$$Table$$Base                      0x000038b8   Number         0  anon$$obj.o(Region$$Table)
    Region$$Table$$Limit                     0x000038d8   Number         0  anon$$obj.o(Region$$Table)
    minTicksReq                              0x2000000c   Data           4  main.o(.data)
    xSemaphorePassengerUp                    0x20000010   Data           4  main.o(.data)
    xSemaphorePassengerDown                  0x20000014   Data           4  main.o(.data)
    xSemaphoreDriverUp                       0x20000018   Data           4  main.o(.data)
    xSemaphoreDriverDown                     0x2000001c   Data           4  main.o(.data)
    xSemaphoreLock                           0x20000020   Data           4  main.o(.data)
    xSemaphoreUpperLimit                     0x20000024   Data           4  main.o(.data)
    xSemaphoreLowerLimit                     0x20000028   Data           4  main.o(.data)
    SystemCoreClock                          0x20000034   Data           4  system_tm4c123.o(.data)
    pxCurrentTCB                             0x20000058   Data           4  tasks.o(.data)
    uxTopUsedPriority                        0x20000090   Data           4  tasks.o(.data)
    __initial_sp                             0x20002960   Data           0  startup_tm4c123.o(STACK)



==============================================================================

Memory Map of the image

  Image Entry point : 0x00000349

  Load Region LR_IROM1 (Base: 0x00000000, Size: 0x00003f44, Max: 0x00040000, ABSOLUTE, COMPRESSED[0x000038f4])

    Execution Region ER_IROM1 (Exec base: 0x00000000, Load base: 0x00000000, Size: 0x000038d8, Max: 0x00040000, ABSOLUTE)

    Exec Addr    Load Addr    Size         Type   Attr      Idx    E Section Name        Object

    0x00000000   0x00000000   0x0000026c   Data   RO          180    RESET               startup_tm4c123.o
    0x0000026c   0x0000026c   0x00000000   Code   RO         2349  * .ARM.Collect$$$$00000000  mc_w.l(entry.o)
    0x0000026c   0x0000026c   0x00000004   Code   RO         2362    .ARM.Collect$$$$00000001  mc_w.l(entry2.o)
    0x00000270   0x00000270   0x00000004   Code   RO         2365    .ARM.Collect$$$$00000004  mc_w.l(entry5.o)
    0x00000274   0x00000274   0x00000000   Code   RO         2367    .ARM.Collect$$$$00000008  mc_w.l(entry7b.o)
    0x00000274   0x00000274   0x00000000   Code   RO         2369    .ARM.Collect$$$$0000000A  mc_w.l(entry8b.o)
    0x00000274   0x00000274   0x00000008   Code   RO         2370    .ARM.Collect$$$$0000000B  mc_w.l(entry9a.o)
    0x0000027c   0x0000027c   0x00000000   Code   RO         2372    .ARM.Collect$$$$0000000D  mc_w.l(entry10a.o)
    0x0000027c   0x0000027c   0x00000000   Code   RO         2374    .ARM.Collect$$$$0000000F  mc_w.l(entry11a.o)
    0x0000027c   0x0000027c   0x00000004   Code   RO         2363    .ARM.Collect$$$$00002712  mc_w.l(entry2.o)
    0x00000280   0x00000280   0x000000be   Code   RO          470    .emb_text           port.o
    0x0000033e   0x0000033e   0x00000002   PAD
    0x00000340   0x00000340   0x00000006   Code   RO         1991    .emb_text           driverlib.lib(sysctl.o)
    0x00000346   0x00000346   0x00000002   PAD
    0x00000348   0x00000348   0x000000fc   Code   RO          181  * .text               startup_tm4c123.o
    0x00000444   0x00000444   0x00000024   Code   RO         2352    .text               mc_w.l(memcpya.o)
    0x00000468   0x00000468   0x00000024   Code   RO         2356    .text               mc_w.l(memseta.o)
    0x0000048c   0x0000048c   0x00000024   Code   RO         2376    .text               mc_w.l(init.o)
    0x000004b0   0x000004b0   0x00000056   Code   RO         2386    .text               mc_w.l(__dczerorl2.o)
    0x00000506   0x00000506   0x00000028   Code   RO         1543    i.GPIODirModeSet    driverlib.lib(gpio.o)
    0x0000052e   0x0000052e   0x00000006   Code   RO         1544    i.GPIOIntClear      driverlib.lib(gpio.o)
    0x00000534   0x00000534   0x0000000c   Code   RO         1546    i.GPIOIntEnable     driverlib.lib(gpio.o)
    0x00000540   0x00000540   0x0000001a   Code   RO         1547    i.GPIOIntRegister   driverlib.lib(gpio.o)
    0x0000055a   0x0000055a   0x0000000e   Code   RO         1549    i.GPIOIntStatus     driverlib.lib(gpio.o)
    0x00000568   0x00000568   0x00000050   Code   RO         1551    i.GPIOIntTypeSet    driverlib.lib(gpio.o)
    0x000005b8   0x000005b8   0x00000170   Code   RO         1555    i.GPIOPadConfigSet  driverlib.lib(gpio.o)
    0x00000728   0x00000728   0x00000006   Code   RO         1557    i.GPIOPinRead       driverlib.lib(gpio.o)
    0x0000072e   0x0000072e   0x0000001c   Code   RO         1566    i.GPIOPinTypeGPIOInput  driverlib.lib(gpio.o)
    0x0000074a   0x0000074a   0x0000001c   Code   RO         1567    i.GPIOPinTypeGPIOOutput  driverlib.lib(gpio.o)
    0x00000766   0x00000766   0x00000006   Code   RO         1585    i.GPIOPinWrite      driverlib.lib(gpio.o)
    0x0000076c   0x0000076c   0x0000008c   Code   RO            1    i.GPIOPortA_Handler  main.o
    0x000007f8   0x000007f8   0x00000050   Code   RO            2    i.GPIOPortF_Handler  main.o
    0x00000848   0x00000848   0x00000064   Code   RO         1876    i.IntEnable         driverlib.lib(interrupt.o)
    0x000008ac   0x000008ac   0x00000028   Code   RO         1887    i.IntPrioritySet    driverlib.lib(interrupt.o)
    0x000008d4   0x000008d4   0x00000034   Code   RO         1888    i.IntRegister       driverlib.lib(interrupt.o)
    0x00000908   0x00000908   0x00000120   Code   RO         1996    i.SysCtlClockSet    driverlib.lib(sysctl.o)
    0x00000a28   0x00000a28   0x00000028   Code   RO         2025    i.SysCtlPeripheralEnable  driverlib.lib(sysctl.o)
    0x00000a50   0x00000a50   0x00000034   Code   RO          471    i.SysTick_Handler   port.o
    0x00000a84   0x00000a84   0x00000098   Code   RO          190    i.SystemInit        system_tm4c123.o
    0x00000b1c   0x00000b1c   0x00000050   Code   RO         1587    i._GPIOIntNumberGet  driverlib.lib(gpio.o)
    0x00000b6c   0x00000b6c   0x0000000e   Code   RO         2380    i.__scatterload_copy  mc_w.l(handlers.o)
    0x00000b7a   0x00000b7a   0x00000002   Code   RO         2381    i.__scatterload_null  mc_w.l(handlers.o)
    0x00000b7c   0x00000b7c   0x0000000e   Code   RO         2382    i.__scatterload_zeroinit  mc_w.l(handlers.o)
    0x00000b8a   0x00000b8a   0x00000002   PAD
    0x00000b8c   0x00000b8c   0x00000048   Code   RO          952    i.eTaskConfirmSleepModeStatus  tasks.o
    0x00000bd4   0x00000bd4   0x00000250   Code   RO            3    i.main              main.o
    0x00000e24   0x00000e24   0x000000cc   Code   RO          955    i.prvAddCurrentTaskToDelayedList  tasks.o
    0x00000ef0   0x00000ef0   0x000000ec   Code   RO          956    i.prvAddNewTaskToReadyList  tasks.o
    0x00000fdc   0x00000fdc   0x0000004c   Code   RO         1370    i.prvCheckForValidListAndQueue  timers.o
    0x00001028   0x00001028   0x00000048   Code   RO          957    i.prvCheckTasksWaitingTermination  tasks.o
    0x00001070   0x00001070   0x0000002a   Code   RO          553    i.prvCopyDataFromQueue  queue.o
    0x0000109a   0x0000109a   0x0000007e   Code   RO          554    i.prvCopyDataToQueue  queue.o
    0x00001118   0x00001118   0x00000012   Code   RO          958    i.prvDeleteTCB      tasks.o
    0x0000112a   0x0000112a   0x00000014   Code   RO          555    i.prvGetDisinheritPriorityAfterTimeout  queue.o
    0x0000113e   0x0000113e   0x00000002   PAD
    0x00001140   0x00001140   0x0000004c   Code   RO          959    i.prvGetExpectedIdleTime  tasks.o
    0x0000118c   0x0000118c   0x00000028   Code   RO         1371    i.prvGetNextExpireTime  timers.o
    0x000011b4   0x000011b4   0x0000007c   Code   RO          960    i.prvIdleTask       tasks.o
    0x00001230   0x00001230   0x0000002e   Code   RO          557    i.prvInitialiseNewQueue  queue.o
    0x0000125e   0x0000125e   0x000000cc   Code   RO          961    i.prvInitialiseNewTask  tasks.o
    0x0000132a   0x0000132a   0x00000002   PAD
    0x0000132c   0x0000132c   0x00000068   Code   RO          962    i.prvInitialiseTaskLists  tasks.o
    0x00001394   0x00001394   0x00000058   Code   RO         1373    i.prvInsertTimerInActiveList  timers.o
    0x000013ec   0x000013ec   0x0000001a   Code   RO          558    i.prvIsQueueEmpty   queue.o
    0x00001406   0x00001406   0x000000b8   Code   RO          560    i.prvNotifyQueueSetContainer  queue.o
    0x000014be   0x000014be   0x00000002   PAD
    0x000014c0   0x000014c0   0x00000044   Code   RO         1374    i.prvProcessExpiredTimer  timers.o
    0x00001504   0x00001504   0x0000014c   Code   RO         1375    i.prvProcessReceivedCommands  timers.o
    0x00001650   0x00001650   0x00000074   Code   RO         1376    i.prvProcessTimerOrBlockTask  timers.o
    0x000016c4   0x000016c4   0x00000028   Code   RO         1377    i.prvReloadTimer    timers.o
    0x000016ec   0x000016ec   0x00000030   Code   RO          964    i.prvResetNextTaskUnblockTime  tasks.o
    0x0000171c   0x0000171c   0x0000002c   Code   RO         1378    i.prvSampleTimeNow  timers.o
    0x00001748   0x00001748   0x00000044   Code   RO         1379    i.prvSwitchTimerLists  timers.o
    0x0000178c   0x0000178c   0x00000040   Code   RO          472    i.prvTaskExitError  port.o
    0x000017cc   0x000017cc   0x0000001a   Code   RO         1380    i.prvTimerTask      timers.o
    0x000017e6   0x000017e6   0x00000090   Code   RO          561    i.prvUnlockQueue    queue.o
    0x00001876   0x00001876   0x00000002   PAD
    0x00001878   0x00001878   0x00000084   Code   RO          425    i.pvPortMalloc      heap_1.o
    0x000018fc   0x000018fc   0x00000020   Code   RO          968    i.pvTaskIncrementMutexHeldCount  tasks.o
    0x0000191c   0x0000191c   0x0000002c   Code   RO          473    i.pxPortInitialiseStack  port.o
    0x00001948   0x00001948   0x00000028   Code   RO          386    i.uxListRemove      list.o
    0x00001970   0x00001970   0x0000000c   Code   RO          971    i.uxTaskGetNumberOfTasks  tasks.o
    0x0000197c   0x0000197c   0x00000034   Code   RO            4    i.vISRFunctionDriverDown  main.o
    0x000019b0   0x000019b0   0x00000034   Code   RO            5    i.vISRFunctionDriverUp  main.o
    0x000019e4   0x000019e4   0x00000034   Code   RO            6    i.vISRFunctionLowerLimit  main.o
    0x00001a18   0x00001a18   0x00000034   Code   RO            7    i.vISRFunctionPassengerDown  main.o
    0x00001a4c   0x00001a4c   0x00000034   Code   RO            8    i.vISRFunctionPassengerUp  main.o
    0x00001a80   0x00001a80   0x00000034   Code   RO            9    i.vISRFunctionUpperLimit  main.o
    0x00001ab4   0x00001ab4   0x0000001a   Code   RO          387    i.vListInitialise   list.o
    0x00001ace   0x00001ace   0x00000006   Code   RO          388    i.vListInitialiseItem  list.o
    0x00001ad4   0x00001ad4   0x00000034   Code   RO          389    i.vListInsert       list.o
    0x00001b08   0x00001b08   0x00000054   Code   RO          475    i.vPortEnterCritical  port.o
    0x00001b5c   0x00001b5c   0x0000003c   Code   RO          476    i.vPortExitCritical  port.o
    0x00001b98   0x00001b98   0x00000022   Code   RO          426    i.vPortFree         heap_1.o
    0x00001bba   0x00001bba   0x00000002   PAD
    0x00001bbc   0x00001bbc   0x00000068   Code   RO          477    i.vPortSetupTimerInterrupt  port.o
    0x00001c24   0x00001c24   0x00000144   Code   RO          478    i.vPortSuppressTicksAndSleep  port.o
    0x00001d68   0x00001d68   0x00000078   Code   RO          479    i.vPortValidateInterruptPriority  port.o
    0x00001de0   0x00001de0   0x0000004a   Code   RO          569    i.vQueueWaitForMessageRestricted  queue.o
    0x00001e2a   0x00001e2a   0x00000002   PAD
    0x00001e2c   0x00001e2c   0x0000005c   Code   RO          979    i.vTaskDelay        tasks.o
    0x00001e88   0x00001e88   0x00000100   Code   RO           10    i.vTaskFunctionDriverDown  main.o
    0x00001f88   0x00001f88   0x00000100   Code   RO           11    i.vTaskFunctionDriverUp  main.o
    0x00002088   0x00002088   0x00000038   Code   RO           12    i.vTaskFunctionLowerLimit  main.o
    0x000020c0   0x000020c0   0x00000118   Code   RO           13    i.vTaskFunctionPassengerDown  main.o
    0x000021d8   0x000021d8   0x00000114   Code   RO           14    i.vTaskFunctionPassengerUp  main.o
    0x000022ec   0x000022ec   0x00000038   Code   RO           15    i.vTaskFunctionUpperLimit  main.o
    0x00002324   0x00002324   0x00000018   Code   RO          984    i.vTaskInternalSetTimeOutState  tasks.o
    0x0000233c   0x0000233c   0x0000000c   Code   RO          985    i.vTaskMissedYield  tasks.o
    0x00002348   0x00002348   0x00000038   Code   RO          986    i.vTaskPlaceOnEventList  tasks.o
    0x00002380   0x00002380   0x00000064   Code   RO          987    i.vTaskPlaceOnEventListRestricted  tasks.o
    0x000023e4   0x000023e4   0x00000118   Code   RO          989    i.vTaskPriorityDisinheritAfterTimeout  tasks.o
    0x000024fc   0x000024fc   0x0000009c   Code   RO          995    i.vTaskStartScheduler  tasks.o
    0x00002598   0x00002598   0x000000ac   Code   RO          996    i.vTaskStepTick     tasks.o
    0x00002644   0x00002644   0x00000010   Code   RO          998    i.vTaskSuspendAll   tasks.o
    0x00002654   0x00002654   0x0000008c   Code   RO          999    i.vTaskSwitchContext  tasks.o
    0x000026e0   0x000026e0   0x00000168   Code   RO          480    i.xPortStartScheduler  port.o
    0x00002848   0x00002848   0x00000066   Code   RO          574    i.xQueueGenericCreate  queue.o
    0x000028ae   0x000028ae   0x00000002   PAD
    0x000028b0   0x000028b0   0x000000dc   Code   RO          575    i.xQueueGenericReset  queue.o
    0x0000298c   0x0000298c   0x0000011e   Code   RO          580    i.xQueueGiveFromISR  queue.o
    0x00002aaa   0x00002aaa   0x00000002   PAD
    0x00002aac   0x00002aac   0x00000168   Code   RO          586    i.xQueueReceive     queue.o
    0x00002c14   0x00002c14   0x00000194   Code   RO          591    i.xQueueSemaphoreTake  queue.o
    0x00002da8   0x00002da8   0x000000ac   Code   RO         1002    i.xTaskCheckForTimeOut  tasks.o
    0x00002e54   0x00002e54   0x00000068   Code   RO         1003    i.xTaskCreate       tasks.o
    0x00002ebc   0x00002ebc   0x00000020   Code   RO         1012    i.xTaskGetSchedulerState  tasks.o
    0x00002edc   0x00002edc   0x0000000c   Code   RO         1013    i.xTaskGetTickCount  tasks.o
    0x00002ee8   0x00002ee8   0x00000014   Code   RO         1014    i.xTaskGetTickCountFromISR  tasks.o
    0x00002efc   0x00002efc   0x000001bc   Code   RO         1015    i.xTaskIncrementTick  tasks.o
    0x000030b8   0x000030b8   0x000000f0   Code   RO         1016    i.xTaskPriorityDisinherit  tasks.o
    0x000031a8   0x000031a8   0x000000ec   Code   RO         1017    i.xTaskPriorityInherit  tasks.o
    0x00003294   0x00003294   0x00000124   Code   RO         1018    i.xTaskRemoveFromEventList  tasks.o
    0x000033b8   0x000033b8   0x00000178   Code   RO         1019    i.xTaskResumeAll    tasks.o
    0x00003530   0x00003530   0x00000054   Code   RO         1388    i.xTimerCreateTimerTask  timers.o
    0x00003584   0x00003584   0x00000228   Data   RO         1588    .constdata          driverlib.lib(gpio.o)
    0x000037ac   0x000037ac   0x0000010c   Data   RO         1892    .constdata          driverlib.lib(interrupt.o)
    0x000038b8   0x000038b8   0x00000020   Data   RO         2378    Region$$Table       anon$$obj.o


    Execution Region RW_IRAM1 (Exec base: 0x20000000, Load base: 0x000038d8, Size: 0x00002960, Max: 0x00008000, ABSOLUTE, COMPRESSED[0x0000001c])

    Exec Addr    Load Addr    Size         Type   Attr      Idx    E Section Name        Object

    0x20000000   COMPRESSED   0x00000034   Data   RW           16    .data               main.o
    0x20000034   COMPRESSED   0x00000004   Data   RW          192    .data               system_tm4c123.o
    0x20000038   COMPRESSED   0x00000008   Data   RW          430    .data               heap_1.o
    0x20000040   COMPRESSED   0x00000018   Data   RW          481    .data               port.o
    0x20000058   COMPRESSED   0x00000040   Data   RW         1022    .data               tasks.o
    0x20000098   COMPRESSED   0x00000014   Data   RW         1398    .data               timers.o
    0x200000ac   COMPRESSED   0x00000354   PAD
    0x20000400   COMPRESSED   0x0000026c   Data   RW         1893    vtable              driverlib.lib(interrupt.o)
    0x2000066c        -       0x00002000   Zero   RW          429    .bss                heap_1.o
    0x2000266c        -       0x000000c8   Zero   RW         1021    .bss                tasks.o
    0x20002734        -       0x00000028   Zero   RW         1397    .bss                timers.o
    0x2000275c   COMPRESSED   0x00000004   PAD
    0x20002760        -       0x00000200   Zero   RW          178    STACK               startup_tm4c123.o


==============================================================================

Image component sizes


      Code (inc. data)   RO Data    RW Data    ZI Data      Debug   Object Name

         0          0          0          0          0      13872   event_groups.o
       166         14          0          8       8192      14975   heap_1.o
       124          0          0          0          0       3237   list.o
      2304        386          0         52          0      27466   main.o
      1402        124          0         24          0      14158   port.o
      2034         16          0          0          0      18366   queue.o
       252         10        620          0        512       5456   startup_tm4c123.o
       152         40          0          4          0        831   system_tm4c123.o
      4178        470          0         64        200      38215   tasks.o
       982        102          0         20         40      12780   timers.o

    ----------------------------------------------------------------------
     11612       1162        652       1024       8948     149356   Object Totals
         0          0         32          0          0          0   (incl. Generated)
        18          0          0        852          4          0   (incl. Padding)

    ----------------------------------------------------------------------

      Code (inc. data)   RO Data    RW Data    ZI Data      Debug   Library Member Name

       694         32        552          0          0      10830   gpio.o
       192         20        268        620          0       2679   interrupt.o
       334         22          0          0          0       1742   sysctl.o
        86          0          0          0          0          0   __dczerorl2.o
         0          0          0          0          0          0   entry.o
         0          0          0          0          0          0   entry10a.o
         0          0          0          0          0          0   entry11a.o
         8          4          0          0          0          0   entry2.o
         4          0          0          0          0          0   entry5.o
         0          0          0          0          0          0   entry7b.o
         0          0          0          0          0          0   entry8b.o
         8          4          0          0          0          0   entry9a.o
        30          0          0          0          0          0   handlers.o
        36          8          0          0          0         68   init.o
        36          0          0          0          0         68   memcpya.o
        36          0          0          0          0        108   memseta.o

    ----------------------------------------------------------------------
      1468         90        820        620          0      15495   Library Totals
         4          0          0          0          0          0   (incl. Padding)

    ----------------------------------------------------------------------

      Code (inc. data)   RO Data    RW Data    ZI Data      Debug   Library Name

      1220         74        820        620          0      15251   driverlib.lib
       244         16          0          0          0        244   mc_w.l

    ----------------------------------------------------------------------
      1468         90        820        620          0      15495   Library Totals

    ----------------------------------------------------------------------

==============================================================================


      Code (inc. data)   RO Data    RW Data    ZI Data      Debug   

     13080       1252       1472       1644       8948     155283   Grand Totals
     13080       1252       1472         28       8948     155283   ELF Image Totals (compressed)
     13080       1252       1472         28          0          0   ROM Totals

==============================================================================

    Total RO  Size (Code + RO Data)                14552 (  14.21kB)
    Total RW  Size (RW Data + ZI Data)             10592 (  10.34kB)
    Total ROM Size (Code + RO Data + RW Data)      14580 (  14.24kB)

==============================================================================

